                                                                                                                                                                                                                                                        The highlighted entry will be executed automatically in 5s.                                                                                                                                                                                Arch Linux                                                                 *Advanced options for Arch Linux                                             Advanced options for Arch Linux                                            *Kernel Test                                                                early console in decompress_kernel

Decompressing Linux... Parsing ELF... No relocation needed... done.
Booting the kernel.
[    0.000000] Initializing cgroup subsys cpuset
[    0.000000] Initializing cgroup subsys cpu
[    0.000000] Initializing cgroup subsys cpuacct
[    0.000000] Linux version 4.0.0-eudyptula+ (gusman@localhost) (gcc version 4.9.2 (GCC) ) #7 SMP PREEMPT Thu May 21 21:33:10 WIB 2015
[    0.000000] Disabled fast string operations
[    0.000000] e820: BIOS-provided physical RAM map:
[    0.000000] BIOS-e820: [mem 0x0000000000000000-0x000000000009efff] usable
[    0.000000] BIOS-e820: [mem 0x000000000009f000-0x000000000009ffff] reserved
[    0.000000] BIOS-e820: [mem 0x00000000000dc000-0x00000000000fffff] reserved
[    0.000000] BIOS-e820: [mem 0x0000000000100000-0x000000003fedffff] usable
[    0.000000] BIOS-e820: [mem 0x000000003fee0000-0x000000003fefefff] ACPI data
[    0.000000] BIOS-e820: [mem 0x000000003feff000-0x000000003fefffff] ACPI NVS
[    0.000000] BIOS-e820: [mem 0x000000003ff00000-0x000000003fffffff] usable
[    0.000000] BIOS-e820: [mem 0x00000000f0000000-0x00000000f7ffffff] reserved
[    0.000000] BIOS-e820: [mem 0x00000000fec00000-0x00000000fec0ffff] reserved
[    0.000000] BIOS-e820: [mem 0x00000000fee00000-0x00000000fee00fff] reserved
[    0.000000] BIOS-e820: [mem 0x00000000fffe0000-0x00000000ffffffff] reserved
[    0.000000] bootconsole [earlyser0] enabled
[    0.000000] Notice: NX (Execute Disable) protection cannot be enabled: non-PAE kernel!
[    0.000000] SMBIOS 2.4 present.
[    0.000000] DMI: VMware, Inc. VMware Virtual Platform/440BX Desktop Reference Platform, BIOS 6.00 07/31/2013
[    0.000000] Hypervisor detected: VMware
[    0.000000] e820: update [mem 0x00000000-0x00000fff] usable ==> reserved
[    0.000000] e820: remove [mem 0x000a0000-0x000fffff] usable
[    0.000000] e820: last_pfn = 0x40000 max_arch_pfn = 0x100000
[    0.000000] MTRR default type: uncachable
[    0.000000] MTRR fixed ranges enabled:
[    0.000000]   00000-9FFFF write-back
[    0.000000]   A0000-BFFFF uncachable
[    0.000000]   C0000-CFFFF write-protect
[    0.000000]   D0000-EFFFF uncachable
[    0.000000]   F0000-FFFFF write-protect
[    0.000000] MTRR variable ranges enabled:
[    0.000000]   0 base 0000000000 mask FFC0000000 write-back
[    0.000000]   1 disabled
[    0.000000]   2 disabled
[    0.000000]   3 disabled
[    0.000000]   4 disabled
[    0.000000]   5 disabled
[    0.000000]   6 disabled
[    0.000000]   7 disabled
[    0.000000] PAT read returns always zero, disabled.
[    0.000000] found SMP MP-table at [mem 0x000f6bf0-0x000f6bff] mapped at [c00f6bf0]
[    0.000000] Scanning 1 areas for low memory corruption
[    0.000000] initial memory mapped: [mem 0x00000000-0x01ffffff]
[    0.000000] Base memory trampoline at [c009b000] 9b000 size 16384
[    0.000000] init_memory_mapping: [mem 0x00000000-0x000fffff]
[    0.000000]  [mem 0x00000000-0x000fffff] page 4k
[    0.000000] init_memory_mapping: [mem 0x37000000-0x373fffff]
[    0.000000]  [mem 0x37000000-0x373fffff] page 4M
[    0.000000] init_memory_mapping: [mem 0x00100000-0x36ffffff]
[    0.000000]  [mem 0x00100000-0x003fffff] page 4k
[    0.000000]  [mem 0x00400000-0x36ffffff] page 4M
[    0.000000] init_memory_mapping: [mem 0x37400000-0x377fdfff]
[    0.000000]  [mem 0x37400000-0x377fdfff] page 4k
[    0.000000] BRK [0x01add000, 0x01addfff] PGTABLE
[    0.000000] ACPI: Early table checksum verification disabled
[    0.000000] ACPI: RSDP 0x000F6B80 000024 (v02 PTLTD )
[    0.000000] ACPI: XSDT 0x3FEEE21E 00005C (v01 INTEL  440BX    06040000 VMW  01324272)
[    0.000000] ACPI: FACP 0x3FEFEE73 0000F4 (v04 INTEL  440BX    06040000 PTL  000F4240)
[    0.000000] ACPI: DSDT 0x3FEEEC38 01023B (v01 PTLTD  Custom   06040000 MSFT 03000001)
[    0.000000] ACPI: FACS 0x3FEFFFC0 000040
[    0.000000] ACPI: BOOT 0x3FEEEC10 000028 (v01 PTLTD  $SBFTBL$ 06040000  LTP 00000001)
[    0.000000] ACPI: APIC 0x3FEEE84E 0003C2 (v01 PTLTD  ? APIC   06040000  LTP 00000000)
[    0.000000] ACPI: MCFG 0x3FEEE812 00003C (v01 PTLTD  $PCITBL$ 06040000  LTP 00000001)
[    0.000000] ACPI: SRAT 0x3FEEE31A 0004F8 (v02 VMWARE MEMPLUG  06040000 VMW  00000001)
[    0.000000] ACPI: HPET 0x3FEEE2E2 000038 (v01 VMWARE VMW HPET 06040000 VMW  00000001)
[    0.000000] ACPI: WAET 0x3FEEE2BA 000028 (v01 VMWARE VMW WAET 06040000 VMW  00000001)
[    0.000000] ACPI: Local APIC address 0xfee00000
[    0.000000] 136MB HIGHMEM available.
[    0.000000] 887MB LOWMEM available.
[    0.000000]   mapped low ram: 0 - 377fe000
[    0.000000]   low ram: 0 - 377fe000
[    0.000000] BRK [0x01ade000, 0x01adefff] PGTABLE
[    0.000000] Zone ranges:
[    0.000000]   DMA      [mem 0x0000000000001000-0x0000000000ffffff]
[    0.000000]   Normal   [mem 0x0000000001000000-0x00000000377fdfff]
[    0.000000]   HighMem  [mem 0x00000000377fe000-0x000000003fffffff]
[    0.000000] Movable zone start for each node
[    0.000000] Early memory node ranges
[    0.000000]   node   0: [mem 0x0000000000001000-0x000000000009efff]
[    0.000000]   node   0: [mem 0x0000000000100000-0x000000003fedffff]
[    0.000000]   node   0: [mem 0x000000003ff00000-0x000000003fffffff]
[    0.000000] Initmem setup node 0 [mem 0x0000000000001000-0x000000003fffffff]
[    0.000000] On node 0 totalpages: 262014
[    0.000000] free_area_init_node: node 0, pgdat c19303c0, node_mem_map f6dfe028
[    0.000000]   DMA zone: 40 pages used for memmap
[    0.000000]   DMA zone: 0 pages reserved
[    0.000000]   DMA zone: 3998 pages, LIFO batch:0
[    0.000000]   Normal zone: 2180 pages used for memmap
[    0.000000]   Normal zone: 223230 pages, LIFO batch:31
[    0.000000]   HighMem zone: 34786 pages, LIFO batch:7
[    0.000000] Using APIC driver default
[    0.000000] ACPI: PM-Timer IO Port: 0x1008
[    0.000000] ACPI: Local APIC address 0xfee00000
[    0.000000] ACPI: LAPIC (acpi_id[0x00] lapic_id[0x00] enabled)
[    0.000000] ACPI: LAPIC (acpi_id[0x01] lapic_id[0x02] disabled)
[    0.000000] ACPI: LAPIC (acpi_id[0x02] lapic_id[0x04] disabled)
[    0.000000] ACPI: LAPIC (acpi_id[0x03] lapic_id[0x06] disabled)
[    0.000000] ACPI: LAPIC (acpi_id[0x04] lapic_id[0x08] disabled)
[    0.000000] ACPI: LAPIC (acpi_id[0x05] lapic_id[0x0a] disabled)
[    0.000000] ACPI: LAPIC (acpi_id[0x06] lapic_id[0x0c] disabled)
[    0.000000] ACPI: LAPIC (acpi_id[0x07] lapic_id[0x0e] disabled)
[    0.000000] ACPI: LAPIC (acpi_id[0x08] lapic_id[0x10] disabled)
[    0.000000] ACPI: LAPIC (acpi_id[0x09] lapic_id[0x12] disabled)
[    0.000000] ACPI: LAPIC (acpi_id[0x0a] lapic_id[0x14] disabled)
[    0.000000] ACPI: LAPIC (acpi_id[0x0b] lapic_id[0x16] disabled)
[    0.000000] ACPI: LAPIC (acpi_id[0x0c] lapic_id[0x18] disabled)
[    0.000000] ACPI: LAPIC (acpi_id[0x0d] lapic_id[0x1a] disabled)
[    0.000000] ACPI: LAPIC (acpi_id[0x0e] lapic_id[0x1c] disabled)
[    0.000000] ACPI: LAPIC (acpi_id[0x0f] lapic_id[0x1e] disabled)
[    0.000000] ACPI: LAPIC (acpi_id[0x10] lapic_id[0x20] disabled)
[    0.000000] ACPI: LAPIC (acpi_id[0x11] lapic_id[0x22] disabled)
[    0.000000] ACPI: LAPIC (acpi_id[0x12] lapic_id[0x24] disabled)
[    0.000000] ACPI: LAPIC (acpi_id[0x13] lapic_id[0x26] disabled)
[    0.000000] ACPI: LAPIC (acpi_id[0x14] lapic_id[0x28] disabled)
[    0.000000] ACPI: LAPIC (acpi_id[0x15] lapic_id[0x2a] disabled)
[    0.000000] ACPI: LAPIC (acpi_id[0x16] lapic_id[0x2c] disabled)
[    0.000000] ACPI: LAPIC (acpi_id[0x17] lapic_id[0x2e] disabled)
[    0.000000] ACPI: LAPIC (acpi_id[0x18] lapic_id[0x30] disabled)
[    0.000000] ACPI: LAPIC (acpi_id[0x19] lapic_id[0x32] disabled)
[    0.000000] ACPI: LAPIC (acpi_id[0x1a] lapic_id[0x34] disabled)
[    0.000000] ACPI: LAPIC (acpi_id[0x1b] lapic_id[0x36] disabled)
[    0.000000] ACPI: LAPIC (acpi_id[0x1c] lapic_id[0x38] disabled)
[    0.000000] ACPI: LAPIC (acpi_id[0x1d] lapic_id[0x3a] disabled)
[    0.000000] ACPI: LAPIC (acpi_id[0x1e] lapic_id[0x3c] disabled)
[    0.000000] ACPI: LAPIC (acpi_id[0x1f] lapic_id[0x3e] disabled)
[    0.000000] ACPI: LAPIC (acpi_id[0x20] lapic_id[0x40] disabled)
[    0.000000] ACPI: LAPIC (acpi_id[0x21] lapic_id[0x42] disabled)
[    0.000000] ACPI: LAPIC (acpi_id[0x22] lapic_id[0x44] disabled)
[    0.000000] ACPI: LAPIC (acpi_id[0x23] lapic_id[0x46] disabled)
[    0.000000] ACPI: LAPIC (acpi_id[0x24] lapic_id[0x48] disabled)
[    0.000000] ACPI: LAPIC (acpi_id[0x25] lapic_id[0x4a] disabled)
[    0.000000] ACPI: LAPIC (acpi_id[0x26] lapic_id[0x4c] disabled)
[    0.000000] ACPI: LAPIC (acpi_id[0x27] lapic_id[0x4e] disabled)
[    0.000000] ACPI: LAPIC (acpi_id[0x28] lapic_id[0x50] disabled)
[    0.000000] ACPI: LAPIC (acpi_id[0x29] lapic_id[0x52] disabled)
[    0.000000] ACPI: LAPIC (acpi_id[0x2a] lapic_id[0x54] disabled)
[    0.000000] ACPI: LAPIC (acpi_id[0x2b] lapic_id[0x56] disabled)
[    0.000000] ACPI: LAPIC (acpi_id[0x2c] lapic_id[0x58] disabled)
[    0.000000] ACPI: LAPIC (acpi_id[0x2d] lapic_id[0x5a] disabled)
[    0.000000] ACPI: LAPIC (acpi_id[0x2e] lapic_id[0x5c] disabled)
[    0.000000] ACPI: LAPIC (acpi_id[0x2f] lapic_id[0x5e] disabled)
[    0.000000] ACPI: LAPIC (acpi_id[0x30] lapic_id[0x60] disabled)
[    0.000000] ACPI: LAPIC (acpi_id[0x31] lapic_id[0x62] disabled)
[    0.000000] ACPI: LAPIC (acpi_id[0x32] lapic_id[0x64] disabled)
[    0.000000] ACPI: LAPIC (acpi_id[0x33] lapic_id[0x66] disabled)
[    0.000000] ACPI: LAPIC (acpi_id[0x34] lapic_id[0x68] disabled)
[    0.000000] ACPI: LAPIC (acpi_id[0x35] lapic_id[0x6a] disabled)
[    0.000000] ACPI: LAPIC (acpi_id[0x36] lapic_id[0x6c] disabled)
[    0.000000] ACPI: LAPIC (acpi_id[0x37] lapic_id[0x6e] disabled)
[    0.000000] ACPI: LAPIC (acpi_id[0x38] lapic_id[0x70] disabled)
[    0.000000] ACPI: LAPIC (acpi_id[0x39] lapic_id[0x72] disabled)
[    0.000000] ACPI: LAPIC (acpi_id[0x3a] lapic_id[0x74] disabled)
[    0.000000] ACPI: LAPIC (acpi_id[0x3b] lapic_id[0x76] disabled)
[    0.000000] ACPI: LAPIC (acpi_id[0x3c] lapic_id[0x78] disabled)
[    0.000000] ACPI: LAPIC (acpi_id[0x3d] lapic_id[0x7a] disabled)
[    0.000000] ACPI: LAPIC (acpi_id[0x3e] lapic_id[0x7c] disabled)
[    0.000000] ACPI: LAPIC (acpi_id[0x3f] lapic_id[0x7e] disabled)
[    0.000000] ACPI: LAPIC_NMI (acpi_id[0x00] high edge lint[0x1])
[    0.000000] ACPI: LAPIC_NMI (acpi_id[0x01] high edge lint[0x1])
[    0.000000] ACPI: LAPIC_NMI (acpi_id[0x02] high edge lint[0x1])
[    0.000000] ACPI: LAPIC_NMI (acpi_id[0x03] high edge lint[0x1])
[    0.000000] ACPI: LAPIC_NMI (acpi_id[0x04] high edge lint[0x1])
[    0.000000] ACPI: LAPIC_NMI (acpi_id[0x05] high edge lint[0x1])
[    0.000000] ACPI: LAPIC_NMI (acpi_id[0x06] high edge lint[0x1])
[    0.000000] ACPI: LAPIC_NMI (acpi_id[0x07] high edge lint[0x1])
[    0.000000] ACPI: LAPIC_NMI (acpi_id[0x08] high edge lint[0x1])
[    0.000000] ACPI: LAPIC_NMI (acpi_id[0x09] high edge lint[0x1])
[    0.000000] ACPI: LAPIC_NMI (acpi_id[0x0a] high edge lint[0x1])
[    0.000000] ACPI: LAPIC_NMI (acpi_id[0x0b] high edge lint[0x1])
[    0.000000] ACPI: LAPIC_NMI (acpi_id[0x0c] high edge lint[0x1])
[    0.000000] ACPI: LAPIC_NMI (acpi_id[0x0d] high edge lint[0x1])
[    0.000000] ACPI: LAPIC_NMI (acpi_id[0x0e] high edge lint[0x1])
[    0.000000] ACPI: LAPIC_NMI (acpi_id[0x0f] high edge lint[0x1])
[    0.000000] ACPI: LAPIC_NMI (acpi_id[0x10] high edge lint[0x1])
[    0.000000] ACPI: LAPIC_NMI (acpi_id[0x11] high edge lint[0x1])
[    0.000000] ACPI: LAPIC_NMI (acpi_id[0x12] high edge lint[0x1])
[    0.000000] ACPI: LAPIC_NMI (acpi_id[0x13] high edge lint[0x1])
[    0.000000] ACPI: LAPIC_NMI (acpi_id[0x14] high edge lint[0x1])
[    0.000000] ACPI: LAPIC_NMI (acpi_id[0x15] high edge lint[0x1])
[    0.000000] ACPI: LAPIC_NMI (acpi_id[0x16] high edge lint[0x1])
[    0.000000] ACPI: LAPIC_NMI (acpi_id[0x17] high edge lint[0x1])
[    0.000000] ACPI: LAPIC_NMI (acpi_id[0x18] high edge lint[0x1])
[    0.000000] ACPI: LAPIC_NMI (acpi_id[0x19] high edge lint[0x1])
[    0.000000] ACPI: LAPIC_NMI (acpi_id[0x1a] high edge lint[0x1])
[    0.000000] ACPI: LAPIC_NMI (acpi_id[0x1b] high edge lint[0x1])
[    0.000000] ACPI: LAPIC_NMI (acpi_id[0x1c] high edge lint[0x1])
[    0.000000] ACPI: LAPIC_NMI (acpi_id[0x1d] high edge lint[0x1])
[    0.000000] ACPI: LAPIC_NMI (acpi_id[0x1e] high edge lint[0x1])
[    0.000000] ACPI: LAPIC_NMI (acpi_id[0x1f] high edge lint[0x1])
[    0.000000] ACPI: LAPIC_NMI (acpi_id[0x20] high edge lint[0x1])
[    0.000000] ACPI: LAPIC_NMI (acpi_id[0x21] high edge lint[0x1])
[    0.000000] ACPI: LAPIC_NMI (acpi_id[0x22] high edge lint[0x1])
[    0.000000] ACPI: LAPIC_NMI (acpi_id[0x23] high edge lint[0x1])
[    0.000000] ACPI: LAPIC_NMI (acpi_id[0x24] high edge lint[0x1])
[    0.000000] ACPI: LAPIC_NMI (acpi_id[0x25] high edge lint[0x1])
[    0.000000] ACPI: LAPIC_NMI (acpi_id[0x26] high edge lint[0x1])
[    0.000000] ACPI: LAPIC_NMI (acpi_id[0x27] high edge lint[0x1])
[    0.000000] ACPI: LAPIC_NMI (acpi_id[0x28] high edge lint[0x1])
[    0.000000] ACPI: LAPIC_NMI (acpi_id[0x29] high edge lint[0x1])
[    0.000000] ACPI: LAPIC_NMI (acpi_id[0x2a] high edge lint[0x1])
[    0.000000] ACPI: LAPIC_NMI (acpi_id[0x2b] high edge lint[0x1])
[    0.000000] ACPI: LAPIC_NMI (acpi_id[0x2c] high edge lint[0x1])
[    0.000000] ACPI: LAPIC_NMI (acpi_id[0x2d] high edge lint[0x1])
[    0.000000] ACPI: LAPIC_NMI (acpi_id[0x2e] high edge lint[0x1])
[    0.000000] ACPI: LAPIC_NMI (acpi_id[0x2f] high edge lint[0x1])
[    0.000000] ACPI: LAPIC_NMI (acpi_id[0x30] high edge lint[0x1])
[    0.000000] ACPI: LAPIC_NMI (acpi_id[0x31] high edge lint[0x1])
[    0.000000] ACPI: LAPIC_NMI (acpi_id[0x32] high edge lint[0x1])
[    0.000000] ACPI: LAPIC_NMI (acpi_id[0x33] high edge lint[0x1])
[    0.000000] ACPI: LAPIC_NMI (acpi_id[0x34] high edge lint[0x1])
[    0.000000] ACPI: LAPIC_NMI (acpi_id[0x35] high edge lint[0x1])
[    0.000000] ACPI: LAPIC_NMI (acpi_id[0x36] high edge lint[0x1])
[    0.000000] ACPI: LAPIC_NMI (acpi_id[0x37] high edge lint[0x1])
[    0.000000] ACPI: LAPIC_NMI (acpi_id[0x38] high edge lint[0x1])
[    0.000000] ACPI: LAPIC_NMI (acpi_id[0x39] high edge lint[0x1])
[    0.000000] ACPI: LAPIC_NMI (acpi_id[0x3a] high edge lint[0x1])
[    0.000000] ACPI: LAPIC_NMI (acpi_id[0x3b] high edge lint[0x1])
[    0.000000] ACPI: LAPIC_NMI (acpi_id[0x3c] high edge lint[0x1])
[    0.000000] ACPI: LAPIC_NMI (acpi_id[0x3d] high edge lint[0x1])
[    0.000000] ACPI: LAPIC_NMI (acpi_id[0x3e] high edge lint[0x1])
[    0.000000] ACPI: LAPIC_NMI (acpi_id[0x3f] high edge lint[0x1])
[    0.000000] ACPI: IOAPIC (id[0x01] address[0xfec00000] gsi_base[0])
[    0.000000] IOAPIC[0]: apic_id 1, version 17, address 0xfec00000, GSI 0-23
[    0.000000] ACPI: INT_SRC_OVR (bus 0 bus_irq 0 global_irq 2 high edge)
[    0.000000] ACPI: IRQ0 used by override.
[    0.000000] ACPI: IRQ9 used by override.
[    0.000000] Using ACPI (MADT) for SMP configuration information
[    0.000000] ACPI: HPET id: 0x8086af01 base: 0xfed00000
[    0.000000] smpboot: 64 Processors exceeds NR_CPUS limit of 8
[    0.000000] smpboot: Allowing 8 CPUs, 7 hotplug CPUs
[    0.000000] PM: Registered nosave memory: [mem 0x00000000-0x00000fff]
[    0.000000] PM: Registered nosave memory: [mem 0x0009f000-0x0009ffff]
[    0.000000] PM: Registered nosave memory: [mem 0x000a0000-0x000dbfff]
[    0.000000] PM: Registered nosave memory: [mem 0x000dc000-0x000fffff]
[    0.000000] e820: [mem 0x40000000-0xefffffff] available for PCI devices
[    0.000000] Booting paravirtualized kernel on bare hardware
[    0.000000] clocksource refined-jiffies: mask: 0xffffffff max_cycles: 0xffffffff, max_idle_ns: 6370452778343963 ns
[    0.000000] setup_percpu: NR_CPUS:8 nr_cpumask_bits:8 nr_cpu_ids:8 nr_node_ids:1
[    0.000000] PERCPU: Embedded 19 pages/cpu @f6d5f000 s46092 r0 d31732 u77824
[    0.000000] pcpu-alloc: s46092 r0 d31732 u77824 alloc=19*4096
[    0.000000] pcpu-alloc: [0] 0 [0] 1 [0] 2 [0] 3 [0] 4 [0] 5 [0] 6 [0] 7 
[    0.000000] Built 1 zonelists in Zone order, mobility grouping on.  Total pages: 259794
[    0.000000] Kernel command line: BOOT_IMAGE=/boot/test/vmlinux root=/dev/sda1 console=tty0 console=ttyS0,115200 earlyprintk=serial,ttyS0,115200 loglevel=8
[    0.000000] PID hash table entries: 4096 (order: 2, 16384 bytes)
[    0.000000] Dentry cache hash table entries: 131072 (order: 7, 524288 bytes)
[    0.000000] Inode-cache hash table entries: 65536 (order: 6, 262144 bytes)
[    0.000000] Initializing CPU#0
[    0.000000] xsave: enabled xstate_bv 0x7, cntxt size 0x340 using standard form
[    0.000000] Initializing HighMem for node 0 (000377fe:00040000)
[    0.000000] Initializing Movable for node 0 (00000000:00000000)
[    0.000000] Memory: 1025176K/1048056K available (6888K kernel code, 605K rwdata, 2028K rodata, 672K init, 852K bss, 22880K reserved, 0K cma-reserved, 139144K highmem)
[    0.000000] virtual kernel memory layout:
[    0.000000]     fixmap  : 0xfff16000 - 0xfffff000   ( 932 kB)
[    0.000000]     pkmap   : 0xff800000 - 0xffc00000   (4096 kB)
[    0.000000]     vmalloc : 0xf7ffe000 - 0xff7fe000   ( 120 MB)
[    0.000000]     lowmem  : 0xc0000000 - 0xf77fe000   ( 887 MB)
[    0.000000]       .init : 0xc1950000 - 0xc19f8000   ( 672 kB)
[    0.000000]       .data : 0xc16ba72c - 0xc194e540   (2639 kB)
[    0.000000]       .text : 0xc1000000 - 0xc16ba72c   (6889 kB)
[    0.000000] Checking if this processor honours the WP bit even in supervisor mode...Ok.
[    0.000000] SLUB: HWalign=64, Order=0-3, MinObjects=0, CPUs=8, Nodes=1
[    0.000000] Preemptible hierarchical RCU implementation.
[    0.000000] 	RCU dyntick-idle grace-period acceleration is enabled.
[    0.000000] NR_IRQS:2304 nr_irqs:488 16
[    0.000000] CPU 0 irqstacks, hard=f683a000 soft=f683c000
[    0.000000] Console: colour VGA+ 80x25
[    0.000000] console [tty0] enabled
[    0.000000] console [ttyS0] enabled
[    0.000000] console [ttyS0] enabled
[    0.000000] bootconsole [earlyser0] disabled
[    0.000000] bootconsole [earlyser0] disabled
[    0.000000] clocksource hpet: mask: 0xffffffff max_cycles: 0xffffffff, max_idle_ns: 133484882848 ns
[    0.000000] hpet clockevent registered
[    0.000000] TSC freq read from hypervisor : 2294.849 MHz
[    0.000000] tsc: Detected 2294.849 MHz processor
[    0.000146] Calibrating delay loop (skipped) preset value.. 4591.93 BogoMIPS (lpj=7649496)
[    0.002385] pid_max: default: 32768 minimum: 301
[    0.003654] ACPI: Core revision 20150204
[    0.018243] ACPI: All ACPI Tables successfully acquired
[    0.022614] Security Framework initialized
[    0.023881] Yama: becoming mindful.
[    0.024814] Mount-cache hash table entries: 2048 (order: 1, 8192 bytes)
[    0.026811] Mountpoint-cache hash table entries: 2048 (order: 1, 8192 bytes)
[    0.028914] Initializing cgroup subsys blkio
[    0.030099] Initializing cgroup subsys memory
[    0.031234] Initializing cgroup subsys devices
[    0.032445] Initializing cgroup subsys freezer
[    0.033798] Initializing cgroup subsys net_cls
[    0.035295] Disabled fast string operations
[    0.036316] CPU: Physical Processor ID: 0
[    0.037511] ENERGY_PERF_BIAS: Set to 'normal', was 'performance'
[    0.039173] ENERGY_PERF_BIAS: View and update with x86_energy_perf_policy(8)
[    0.041162] mce: CPU supports 0 MCE banks
[    0.042410] Last level iTLB entries: 4KB 512, 2MB 8, 4MB 8
[    0.043866] Last level dTLB entries: 4KB 512, 2MB 32, 4MB 32, 1GB 0
[    0.061527] ftrace: allocating 27368 entries in 54 pages
[    0.091896] Enabling APIC mode:  Flat.  Using 1 I/O APICs
[    0.094318] ..TIMER: vector=0x30 apic1=0 pin1=2 apic2=-1 pin2=-1
[    0.233181] smpboot: CPU0: Intel(R) Core(TM) i5-2410M CPU @ 2.30GHz (fam: 06, model: 2a, stepping: 07)
[    0.235615] Performance Events: 16-deep LBR, SandyBridge events, core PMU driver.
[    0.238230] perf_event_intel: PEBS disabled due to CPU errata, please upgrade microcode
[    0.240765] perf_event_intel: CPUID marked event: 'cpu cycles' unavailable
[    0.243067] perf_event_intel: CPUID marked event: 'instructions' unavailable
[    0.244988] perf_event_intel: CPUID marked event: 'bus cycles' unavailable
[    0.246751] perf_event_intel: CPUID marked event: 'cache references' unavailable
[    0.248608] perf_event_intel: CPUID marked event: 'cache misses' unavailable
[    0.251281] perf_event_intel: CPUID marked event: 'branch instructions' unavailable
[    0.253604] perf_event_intel: CPUID marked event: 'branch misses' unavailable
[    0.255839] ... version:                1
[    0.257169] ... bit width:              48
[    0.258257] ... generic registers:      4
[    0.259336] ... value mask:             0000ffffffffffff
[    0.260626] ... max period:             000000007fffffff
[    0.261879] ... fixed-purpose events:   0
[    0.262936] ... event mask:             000000000000000f
[    0.276364] x86: Booted up 1 node, 1 CPUs
[    0.277749] smpboot: Total of 1 processors activated (4591.93 BogoMIPS)
[    0.279988] NMI watchdog: disabled (cpu0): hardware events not enabled
[    0.282575] devtmpfs: initialized
[    0.283827] PM: Registering ACPI NVS region [mem 0x3feff000-0x3fefffff] (4096 bytes)
[    0.285941] clocksource jiffies: mask: 0xffffffff max_cycles: 0xffffffff, max_idle_ns: 6370867519511994 ns
[    0.289133] pinctrl core: initialized pinctrl subsystem
[    0.290907] RTC time: 15:20:00, date: 05/24/15
[    0.292382] NET: Registered protocol family 16
[    0.309244] cpuidle: using governor ladder
[    0.322237] cpuidle: using governor menu
[    0.323390] ACPI: bus type PCI registered
[    0.324633] acpiphp: ACPI Hot Plug PCI Controller Driver version: 0.5
[    0.327010] PCI: MMCONFIG for domain 0000 [bus 00-7f] at [mem 0xf0000000-0xf7ffffff] (base 0xf0000000)
[    0.329856] PCI: MMCONFIG at [mem 0xf0000000-0xf7ffffff] reserved in E820
[    0.331813] PCI: Using MMCONFIG for extended config space
[    0.333551] PCI: Using configuration type 1 for base access
[    0.349619] ACPI: Added _OSI(Module Device)
[    0.350872] ACPI: Added _OSI(Processor Device)
[    0.352380] ACPI: Added _OSI(3.0 _SCP Extensions)
[    0.353855] ACPI: Added _OSI(Processor Aggregator Device)
[    0.367688] [Firmware Bug]: ACPI: BIOS _OSI(Linux) query ignored
[    0.379531] ACPI: Interpreter enabled
[    0.380769] ACPI Exception: AE_NOT_FOUND, While evaluating Sleep State [\_S2_] (20150204/hwxface-580)
[    0.383872] ACPI Exception: AE_NOT_FOUND, While evaluating Sleep State [\_S3_] (20150204/hwxface-580)
[    0.387781] ACPI: (supports S0 S1 S4 S5)
[    0.389163] ACPI: Using IOAPIC for interrupt routing
[    0.390826] PCI: Using host bridge windows from ACPI; if necessary, use "pci=nocrs" and report a bug
[    0.454533] ACPI: PCI Root Bridge [PCI0] (domain 0000 [bus 00-7f])
[    0.455965] acpi PNP0A08:00: _OSC: OS supports [ExtendedConfig ASPM ClockPM Segments MSI]
[    0.458809] acpi PNP0A08:00: _OSC: platform does not support [AER]
[    0.460654] acpi PNP0A08:00: _OSC: OS now controls [PCIeHotplug PME PCIeCapability]
[    0.464734] PCI host bridge to bus 0000:00
[    0.465843] pci_bus 0000:00: root bus resource [bus 00-7f]
[    0.467214] pci_bus 0000:00: root bus resource [mem 0x000a0000-0x000bffff window]
[    0.469123] pci_bus 0000:00: root bus resource [mem 0x000d0000-0x000d3fff window]
[    0.471009] pci_bus 0000:00: root bus resource [mem 0x000d4000-0x000d7fff window]
[    0.472902] pci_bus 0000:00: root bus resource [mem 0x000d8000-0x000dbfff window]
[    0.474727] pci_bus 0000:00: root bus resource [mem 0xc0000000-0xfebfffff window]
[    0.476611] pci_bus 0000:00: root bus resource [io  0x0000-0x0cf7 window]
[    0.478263] pci_bus 0000:00: root bus resource [io  0x0d00-0xfeff window]
[    0.480025] pci 0000:00:00.0: [8086:7190] type 00 class 0x060000
[    0.482428] pci 0000:00:01.0: [8086:7191] type 01 class 0x060400
[    0.484631] pci 0000:00:07.0: [8086:7110] type 00 class 0x060100
[    0.487155] pci 0000:00:07.1: [8086:7111] type 00 class 0x01018a
[    0.490784] pci 0000:00:07.1: reg 0x20: [io  0x1060-0x106f]
[    0.493462] pci 0000:00:07.1: legacy IDE quirk: reg 0x10: [io  0x01f0-0x01f7]
[    0.495631] pci 0000:00:07.1: legacy IDE quirk: reg 0x14: [io  0x03f6]
[    0.497119] pci 0000:00:07.1: legacy IDE quirk: reg 0x18: [io  0x0170-0x0177]
[    0.498897] pci 0000:00:07.1: legacy IDE quirk: reg 0x1c: [io  0x0376]
[    0.500826] pci 0000:00:07.3: [8086:7113] type 00 class 0x068000
[    0.504127] pci 0000:00:07.3: quirk: [io  0x1000-0x103f] claimed by PIIX4 ACPI
[    0.505958] pci 0000:00:07.3: quirk: [io  0x1040-0x104f] claimed by PIIX4 SMB
[    0.508513] pci 0000:00:07.7: [15ad:0740] type 00 class 0x088000
[    0.510810] pci 0000:00:07.7: reg 0x10: [io  0x1080-0x10bf]
[    0.512880] pci 0000:00:07.7: reg 0x14: [mem 0xfebfe000-0xfebfffff 64bit]
[    0.517310] pci 0000:00:0f.0: [15ad:0405] type 00 class 0x030000
[    0.519827] pci 0000:00:0f.0: reg 0x10: [io  0x1070-0x107f]
[    0.523244] pci 0000:00:0f.0: reg 0x14: [mem 0xe8000000-0xefffffff pref]
[    0.526572] pci 0000:00:0f.0: reg 0x18: [mem 0xfe000000-0xfe7fffff]
[    0.533977] pci 0000:00:0f.0: reg 0x30: [mem 0x00000000-0x00007fff pref]
[    0.536567] pci 0000:00:10.0: [1000:0030] type 00 class 0x010000
[    0.539430] pci 0000:00:10.0: reg 0x10: [io  0x1400-0x14ff]
[    0.541633] pci 0000:00:10.0: reg 0x14: [mem 0xfeba0000-0xfebbffff 64bit]
[    0.543913] pci 0000:00:10.0: reg 0x1c: [mem 0xfebc0000-0xfebdffff 64bit]
[    0.546806] pci 0000:00:10.0: reg 0x30: [mem 0x00000000-0x00003fff pref]
[    0.548675] pci 0000:00:11.0: [15ad:0790] type 01 class 0x060401
[    0.550743] pci 0000:00:11.0: System wakeup disabled by ACPI
[    0.552676] pci 0000:00:15.0: [15ad:07a0] type 01 class 0x060400
[    0.554862] pci 0000:00:15.0: PME# supported from D0 D3hot D3cold
[    0.556577] pci 0000:00:15.0: System wakeup disabled by ACPI
[    0.558171] pci 0000:00:15.1: [15ad:07a0] type 01 class 0x060400
[    0.560260] pci 0000:00:15.1: PME# supported from D0 D3hot D3cold
[    0.561999] pci 0000:00:15.1: System wakeup disabled by ACPI
[    0.563561] pci 0000:00:15.2: [15ad:07a0] type 01 class 0x060400
[    0.565699] pci 0000:00:15.2: PME# supported from D0 D3hot D3cold
[    0.567657] pci 0000:00:15.2: System wakeup disabled by ACPI
[    0.569431] pci 0000:00:15.3: [15ad:07a0] type 01 class 0x060400
[    0.572145] pci 0000:00:15.3: PME# supported from D0 D3hot D3cold
[    0.574083] pci 0000:00:15.3: System wakeup disabled by ACPI
[    0.576116] pci 0000:00:15.4: [15ad:07a0] type 01 class 0x060400
[    0.578800] pci 0000:00:15.4: PME# supported from D0 D3hot D3cold
[    0.580678] pci 0000:00:15.4: System wakeup disabled by ACPI
[    0.582739] pci 0000:00:15.5: [15ad:07a0] type 01 class 0x060400
[    0.585220] pci 0000:00:15.5: PME# supported from D0 D3hot D3cold
[    0.586952] pci 0000:00:15.5: System wakeup disabled by ACPI
[    0.588530] pci 0000:00:15.6: [15ad:07a0] type 01 class 0x060400
[    0.590910] pci 0000:00:15.6: PME# supported from D0 D3hot D3cold
[    0.593102] pci 0000:00:15.6: System wakeup disabled by ACPI
[    0.595067] pci 0000:00:15.7: [15ad:07a0] type 01 class 0x060400
[    0.597725] pci 0000:00:15.7: PME# supported from D0 D3hot D3cold
[    0.599950] pci 0000:00:15.7: System wakeup disabled by ACPI
[    0.601953] pci 0000:00:16.0: [15ad:07a0] type 01 class 0x060400
[    0.604739] pci 0000:00:16.0: PME# supported from D0 D3hot D3cold
[    0.606870] pci 0000:00:16.0: System wakeup disabled by ACPI
[    0.608748] pci 0000:00:16.1: [15ad:07a0] type 01 class 0x060400
[    0.611081] pci 0000:00:16.1: PME# supported from D0 D3hot D3cold
[    0.613020] pci 0000:00:16.1: System wakeup disabled by ACPI
[    0.615103] pci 0000:00:16.2: [15ad:07a0] type 01 class 0x060400
[    0.617676] pci 0000:00:16.2: PME# supported from D0 D3hot D3cold
[    0.619818] pci 0000:00:16.2: System wakeup disabled by ACPI
[    0.621795] pci 0000:00:16.3: [15ad:07a0] type 01 class 0x060400
[    0.623999] pci 0000:00:16.3: PME# supported from D0 D3hot D3cold
[    0.626035] pci 0000:00:16.3: System wakeup disabled by ACPI
[    0.627505] pci 0000:00:16.4: [15ad:07a0] type 01 class 0x060400
[    0.629581] pci 0000:00:16.4: PME# supported from D0 D3hot D3cold
[    0.631154] pci 0000:00:16.4: System wakeup disabled by ACPI
[    0.632601] pci 0000:00:16.5: [15ad:07a0] type 01 class 0x060400
[    0.634841] pci 0000:00:16.5: PME# supported from D0 D3hot D3cold
[    0.643756] pci 0000:00:16.5: System wakeup disabled by ACPI
[    0.645626] pci 0000:00:16.6: [15ad:07a0] type 01 class 0x060400
[    0.647594] pci 0000:00:16.6: PME# supported from D0 D3hot D3cold
[    0.649142] pci 0000:00:16.6: System wakeup disabled by ACPI
[    0.650614] pci 0000:00:16.7: [15ad:07a0] type 01 class 0x060400
[    0.653456] pci 0000:00:16.7: PME# supported from D0 D3hot D3cold
[    0.655101] pci 0000:00:16.7: System wakeup disabled by ACPI
[    0.656555] pci 0000:00:17.0: [15ad:07a0] type 01 class 0x060400
[    0.658770] pci 0000:00:17.0: PME# supported from D0 D3hot D3cold
[    0.661126] pci 0000:00:17.0: System wakeup disabled by ACPI
[    0.663142] pci 0000:00:17.1: [15ad:07a0] type 01 class 0x060400
[    0.665564] pci 0000:00:17.1: PME# supported from D0 D3hot D3cold
[    0.667717] pci 0000:00:17.1: System wakeup disabled by ACPI
[    0.669728] pci 0000:00:17.2: [15ad:07a0] type 01 class 0x060400
[    0.672441] pci 0000:00:17.2: PME# supported from D0 D3hot D3cold
[    0.674376] pci 0000:00:17.2: System wakeup disabled by ACPI
[    0.675791] pci 0000:00:17.3: [15ad:07a0] type 01 class 0x060400
[    0.677780] pci 0000:00:17.3: PME# supported from D0 D3hot D3cold
[    0.679845] pci 0000:00:17.3: System wakeup disabled by ACPI
[    0.682065] pci 0000:00:17.4: [15ad:07a0] type 01 class 0x060400
[    0.684393] pci 0000:00:17.4: PME# supported from D0 D3hot D3cold
[    0.686042] pci 0000:00:17.4: System wakeup disabled by ACPI
[    0.688022] pci 0000:00:17.5: [15ad:07a0] type 01 class 0x060400
[    0.690118] pci 0000:00:17.5: PME# supported from D0 D3hot D3cold
[    0.691815] pci 0000:00:17.5: System wakeup disabled by ACPI
[    0.693232] pci 0000:00:17.6: [15ad:07a0] type 01 class 0x060400
[    0.695201] pci 0000:00:17.6: PME# supported from D0 D3hot D3cold
[    0.697116] pci 0000:00:17.6: System wakeup disabled by ACPI
[    0.698607] pci 0000:00:17.7: [15ad:07a0] type 01 class 0x060400
[    0.700571] pci 0000:00:17.7: PME# supported from D0 D3hot D3cold
[    0.702154] pci 0000:00:17.7: System wakeup disabled by ACPI
[    0.703943] pci 0000:00:18.0: [15ad:07a0] type 01 class 0x060400
[    0.706667] pci 0000:00:18.0: PME# supported from D0 D3hot D3cold
[    0.708687] pci 0000:00:18.0: System wakeup disabled by ACPI
[    0.710792] pci 0000:00:18.1: [15ad:07a0] type 01 class 0x060400
[    0.712956] pci 0000:00:18.1: PME# supported from D0 D3hot D3cold
[    0.714719] pci 0000:00:18.1: System wakeup disabled by ACPI
[    0.716680] pci 0000:00:18.2: [15ad:07a0] type 01 class 0x060400
[    0.718935] pci 0000:00:18.2: PME# supported from D0 D3hot D3cold
[    0.720521] pci 0000:00:18.2: System wakeup disabled by ACPI
[    0.721970] pci 0000:00:18.3: [15ad:07a0] type 01 class 0x060400
[    0.723960] pci 0000:00:18.3: PME# supported from D0 D3hot D3cold
[    0.725667] pci 0000:00:18.3: System wakeup disabled by ACPI
[    0.727154] pci 0000:00:18.4: [15ad:07a0] type 01 class 0x060400
[    0.729126] pci 0000:00:18.4: PME# supported from D0 D3hot D3cold
[    0.730670] pci 0000:00:18.4: System wakeup disabled by ACPI
[    0.732419] pci 0000:00:18.5: [15ad:07a0] type 01 class 0x060400
[    0.734375] pci 0000:00:18.5: PME# supported from D0 D3hot D3cold
[    0.735978] pci 0000:00:18.5: System wakeup disabled by ACPI
[    0.737636] pci 0000:00:18.6: [15ad:07a0] type 01 class 0x060400
[    0.740070] pci 0000:00:18.6: PME# supported from D0 D3hot D3cold
[    0.741804] pci 0000:00:18.6: System wakeup disabled by ACPI
[    0.743259] pci 0000:00:18.7: [15ad:07a0] type 01 class 0x060400
[    0.745400] pci 0000:00:18.7: PME# supported from D0 D3hot D3cold
[    0.747392] pci 0000:00:18.7: System wakeup disabled by ACPI
[    0.749171] pci 0000:00:01.0: PCI bridge to [bus 01]
[    0.751106] acpiphp: Slot [32] registered
[    0.752406] acpiphp: Slot [33] registered
[    0.753707] acpiphp: Slot [34] registered
[    0.754875] acpiphp: Slot [35] registered
[    0.755856] acpiphp: Slot [36] registered
[    0.756839] acpiphp: Slot [37] registered
[    0.757780] acpiphp: Slot [38] registered
[    0.758744] acpiphp: Slot [39] registered
[    0.759691] acpiphp: Slot [40] registered
[    0.760635] acpiphp: Slot [41] registered
[    0.761576] acpiphp: Slot [42] registered
[    0.762528] acpiphp: Slot [43] registered
[    0.763520] acpiphp: Slot [44] registered
[    0.764487] acpiphp: Slot [45] registered
[    0.765458] acpiphp: Slot [46] registered
[    0.766407] acpiphp: Slot [47] registered
[    0.767383] acpiphp: Slot [48] registered
[    0.768693] acpiphp: Slot [49] registered
[    0.769631] acpiphp: Slot [50] registered
[    0.770613] acpiphp: Slot [51] registered
[    0.771558] acpiphp: Slot [52] registered
[    0.772516] acpiphp: Slot [53] registered
[    0.773468] acpiphp: Slot [54] registered
[    0.774496] acpiphp: Slot [55] registered
[    0.775490] acpiphp: Slot [56] registered
[    0.776425] acpiphp: Slot [57] registered
[    0.777369] acpiphp: Slot [58] registered
[    0.778355] acpiphp: Slot [59] registered
[    0.779291] acpiphp: Slot [60] registered
[    0.780231] acpiphp: Slot [61] registered
[    0.781171] acpiphp: Slot [62] registered
[    0.782220] acpiphp: Slot [63] registered
[    0.783425] pci 0000:02:00.0: [15ad:0774] type 00 class 0x0c0300
[    0.786080] pci 0000:02:00.0: reg 0x20: [io  0x2480-0x249f]
[    0.788263] pci 0000:02:00.0: System wakeup disabled by ACPI
[    0.789751] pci 0000:02:01.0: [1022:2000] type 00 class 0x020000
[    0.791515] pci 0000:02:01.0: reg 0x10: [io  0x2000-0x207f]
[    0.795012] pci 0000:02:01.0: reg 0x30: [mem 0x00000000-0x0000ffff pref]
[    0.796905] pci 0000:02:01.0: System wakeup disabled by ACPI
[    0.798475] pci 0000:02:02.0: [15ad:0770] type 00 class 0x0c0320
[    0.800090] pci 0000:02:02.0: reg 0x10: [mem 0xfd5ff000-0xfd5fffff]
[    0.803015] pci 0000:02:02.0: System wakeup disabled by ACPI
[    0.804571] pci 0000:02:04.0: [1022:2000] type 00 class 0x020000
[    0.806888] pci 0000:02:04.0: reg 0x10: [io  0x2080-0x20ff]
[    0.809892] pci 0000:02:04.0: reg 0x30: [mem 0x00000000-0x0000ffff pref]
[    0.811698] pci 0000:02:04.0: System wakeup disabled by ACPI
[    0.813149] pci 0000:02:05.0: [1022:2000] type 00 class 0x020000
[    0.814888] pci 0000:02:05.0: reg 0x10: [io  0x2400-0x247f]
[    0.817669] pci 0000:02:05.0: reg 0x30: [mem 0x00000000-0x0000ffff pref]
[    0.819409] pci 0000:02:05.0: System wakeup disabled by ACPI
[    0.820989] pci 0000:00:11.0: PCI bridge to [bus 02] (subtractive decode)
[    0.822539] pci 0000:00:11.0:   bridge window [io  0x2000-0x3fff]
[    0.824515] pci 0000:00:11.0:   bridge window [mem 0xfd500000-0xfdffffff]
[    0.826628] pci 0000:00:11.0:   bridge window [mem 0xe7b00000-0xe7ffffff 64bit pref]
[    0.828395] pci 0000:00:11.0:   bridge window [mem 0x000a0000-0x000bffff window] (subtractive decode)
[    0.830470] pci 0000:00:11.0:   bridge window [mem 0x000d0000-0x000d3fff window] (subtractive decode)
[    0.832501] pci 0000:00:11.0:   bridge window [mem 0x000d4000-0x000d7fff window] (subtractive decode)
[    0.834829] pci 0000:00:11.0:   bridge window [mem 0x000d8000-0x000dbfff window] (subtractive decode)
[    0.837665] pci 0000:00:11.0:   bridge window [mem 0xc0000000-0xfebfffff window] (subtractive decode)
[    0.840461] pci 0000:00:11.0:   bridge window [io  0x0000-0x0cf7 window] (subtractive decode)
[    0.842479] pci 0000:00:11.0:   bridge window [io  0x0d00-0xfeff window] (subtractive decode)
[    0.844764] pci 0000:00:15.0: PCI bridge to [bus 03]
[    0.845924] pci 0000:00:15.0:   bridge window [io  0x4000-0x4fff]
[    0.847296] pci 0000:00:15.0:   bridge window [mem 0xfd400000-0xfd4fffff]
[    0.848855] pci 0000:00:15.0:   bridge window [mem 0xe7a00000-0xe7afffff 64bit pref]
[    0.850936] pci 0000:00:15.1: PCI bridge to [bus 04]
[    0.852092] pci 0000:00:15.1:   bridge window [io  0x8000-0x8fff]
[    0.853478] pci 0000:00:15.1:   bridge window [mem 0xfd000000-0xfd0fffff]
[    0.855610] pci 0000:00:15.1:   bridge window [mem 0xe7600000-0xe76fffff 64bit pref]
[    0.858462] pci 0000:00:15.2: PCI bridge to [bus 05]
[    0.859809] pci 0000:00:15.2:   bridge window [io  0xc000-0xcfff]
[    0.861201] pci 0000:00:15.2:   bridge window [mem 0xfcc00000-0xfccfffff]
[    0.862782] pci 0000:00:15.2:   bridge window [mem 0xe7200000-0xe72fffff 64bit pref]
[    0.864933] pci 0000:00:15.3: PCI bridge to [bus 06]
[    0.866113] pci 0000:00:15.3:   bridge window [mem 0xfc800000-0xfc8fffff]
[    0.867639] pci 0000:00:15.3:   bridge window [mem 0xe6e00000-0xe6efffff 64bit pref]
[    0.870192] pci 0000:00:15.4: PCI bridge to [bus 07]
[    0.871356] pci 0000:00:15.4:   bridge window [mem 0xfc400000-0xfc4fffff]
[    0.872950] pci 0000:00:15.4:   bridge window [mem 0xe6a00000-0xe6afffff 64bit pref]
[    0.875044] pci 0000:00:15.5: PCI bridge to [bus 08]
[    0.876352] pci 0000:00:15.5:   bridge window [mem 0xfc000000-0xfc0fffff]
[    0.878495] pci 0000:00:15.5:   bridge window [mem 0xe6600000-0xe66fffff 64bit pref]
[    0.880979] pci 0000:00:15.6: PCI bridge to [bus 09]
[    0.882157] pci 0000:00:15.6:   bridge window [mem 0xfbc00000-0xfbcfffff]
[    0.883792] pci 0000:00:15.6:   bridge window [mem 0xe6200000-0xe62fffff 64bit pref]
[    0.886733] pci 0000:00:15.7: PCI bridge to [bus 0a]
[    0.888347] pci 0000:00:15.7:   bridge window [mem 0xfb800000-0xfb8fffff]
[    0.890491] pci 0000:00:15.7:   bridge window [mem 0xe5e00000-0xe5efffff 64bit pref]
[    0.893291] pci 0000:00:16.0: PCI bridge to [bus 0b]
[    0.894902] pci 0000:00:16.0:   bridge window [io  0x5000-0x5fff]
[    0.896805] pci 0000:00:16.0:   bridge window [mem 0xfd300000-0xfd3fffff]
[    0.898963] pci 0000:00:16.0:   bridge window [mem 0xe7900000-0xe79fffff 64bit pref]
[    0.901327] pci 0000:00:16.1: PCI bridge to [bus 0c]
[    0.902499] pci 0000:00:16.1:   bridge window [io  0x9000-0x9fff]
[    0.903879] pci 0000:00:16.1:   bridge window [mem 0xfcf00000-0xfcffffff]
[    0.905740] pci 0000:00:16.1:   bridge window [mem 0xe7500000-0xe75fffff 64bit pref]
[    0.908662] pci 0000:00:16.2: PCI bridge to [bus 0d]
[    0.910196] pci 0000:00:16.2:   bridge window [io  0xd000-0xdfff]
[    0.911667] pci 0000:00:16.2:   bridge window [mem 0xfcb00000-0xfcbfffff]
[    0.913854] pci 0000:00:16.2:   bridge window [mem 0xe7100000-0xe71fffff 64bit pref]
[    0.916454] pci 0000:00:16.3: PCI bridge to [bus 0e]
[    0.918104] pci 0000:00:16.3:   bridge window [mem 0xfc700000-0xfc7fffff]
[    0.920293] pci 0000:00:16.3:   bridge window [mem 0xe6d00000-0xe6dfffff 64bit pref]
[    0.923161] pci 0000:00:16.4: PCI bridge to [bus 0f]
[    0.924783] pci 0000:00:16.4:   bridge window [mem 0xfc300000-0xfc3fffff]
[    0.926969] pci 0000:00:16.4:   bridge window [mem 0xe6900000-0xe69fffff 64bit pref]
[    0.929949] pci 0000:00:16.5: PCI bridge to [bus 10]
[    0.931424] pci 0000:00:16.5:   bridge window [mem 0xfbf00000-0xfbffffff]
[    0.933005] pci 0000:00:16.5:   bridge window [mem 0xe6500000-0xe65fffff 64bit pref]
[    0.935287] pci 0000:00:16.6: PCI bridge to [bus 11]
[    0.937106] pci 0000:00:16.6:   bridge window [mem 0xfbb00000-0xfbbfffff]
[    0.939458] pci 0000:00:16.6:   bridge window [mem 0xe6100000-0xe61fffff 64bit pref]
[    0.942303] pci 0000:00:16.7: PCI bridge to [bus 12]
[    0.943645] pci 0000:00:16.7:   bridge window [mem 0xfb700000-0xfb7fffff]
[    0.945196] pci 0000:00:16.7:   bridge window [mem 0xe5d00000-0xe5dfffff 64bit pref]
[    0.947285] pci 0000:00:17.0: PCI bridge to [bus 13]
[    0.948446] pci 0000:00:17.0:   bridge window [io  0x6000-0x6fff]
[    0.949868] pci 0000:00:17.0:   bridge window [mem 0xfd200000-0xfd2fffff]
[    0.951420] pci 0000:00:17.0:   bridge window [mem 0xe7800000-0xe78fffff 64bit pref]
[    0.953518] pci 0000:00:17.1: PCI bridge to [bus 14]
[    0.954660] pci 0000:00:17.1:   bridge window [io  0xa000-0xafff]
[    0.956331] pci 0000:00:17.1:   bridge window [mem 0xfce00000-0xfcefffff]
[    0.957902] pci 0000:00:17.1:   bridge window [mem 0xe7400000-0xe74fffff 64bit pref]
[    0.960067] pci 0000:00:17.2: PCI bridge to [bus 15]
[    0.961219] pci 0000:00:17.2:   bridge window [io  0xe000-0xefff]
[    0.962611] pci 0000:00:17.2:   bridge window [mem 0xfca00000-0xfcafffff]
[    0.964159] pci 0000:00:17.2:   bridge window [mem 0xe7000000-0xe70fffff 64bit pref]
[    0.966229] pci 0000:00:17.3: PCI bridge to [bus 16]
[    0.967368] pci 0000:00:17.3:   bridge window [mem 0xfc600000-0xfc6fffff]
[    0.969045] pci 0000:00:17.3:   bridge window [mem 0xe6c00000-0xe6cfffff 64bit pref]
[    0.971593] pci 0000:00:17.4: PCI bridge to [bus 17]
[    0.972793] pci 0000:00:17.4:   bridge window [mem 0xfc200000-0xfc2fffff]
[    0.974331] pci 0000:00:17.4:   bridge window [mem 0xe6800000-0xe68fffff 64bit pref]
[    0.976446] pci 0000:00:17.5: PCI bridge to [bus 18]
[    0.977610] pci 0000:00:17.5:   bridge window [mem 0xfbe00000-0xfbefffff]
[    0.979158] pci 0000:00:17.5:   bridge window [mem 0xe6400000-0xe64fffff 64bit pref]
[    0.981220] pci 0000:00:17.6: PCI bridge to [bus 19]
[    0.982382] pci 0000:00:17.6:   bridge window [mem 0xfba00000-0xfbafffff]
[    0.984131] pci 0000:00:17.6:   bridge window [mem 0xe6000000-0xe60fffff 64bit pref]
[    0.987016] pci 0000:00:17.7: PCI bridge to [bus 1a]
[    0.988681] pci 0000:00:17.7:   bridge window [mem 0xfb600000-0xfb6fffff]
[    0.990870] pci 0000:00:17.7:   bridge window [mem 0xe5c00000-0xe5cfffff 64bit pref]
[    0.993582] pci 0000:00:18.0: PCI bridge to [bus 1b]
[    0.995074] pci 0000:00:18.0:   bridge window [io  0x7000-0x7fff]
[    0.996955] pci 0000:00:18.0:   bridge window [mem 0xfd100000-0xfd1fffff]
[    0.999123] pci 0000:00:18.0:   bridge window [mem 0xe7700000-0xe77fffff 64bit pref]
[    1.001660] pci 0000:00:18.1: PCI bridge to [bus 1c]
[    1.003229] pci 0000:00:18.1:   bridge window [io  0xb000-0xbfff]
[    1.005081] pci 0000:00:18.1:   bridge window [mem 0xfcd00000-0xfcdfffff]
[    1.006627] pci 0000:00:18.1:   bridge window [mem 0xe7300000-0xe73fffff 64bit pref]
[    1.009082] pci 0000:00:18.2: PCI bridge to [bus 1d]
[    1.010559] pci 0000:00:18.2:   bridge window [mem 0xfc900000-0xfc9fffff]
[    1.012244] pci 0000:00:18.2:   bridge window [mem 0xe6f00000-0xe6ffffff 64bit pref]
[    1.014679] pci 0000:00:18.3: PCI bridge to [bus 1e]
[    1.015858] pci 0000:00:18.3:   bridge window [mem 0xfc500000-0xfc5fffff]
[    1.017533] pci 0000:00:18.3:   bridge window [mem 0xe6b00000-0xe6bfffff 64bit pref]
[    1.019675] pci 0000:00:18.4: PCI bridge to [bus 1f]
[    1.020876] pci 0000:00:18.4:   bridge window [mem 0xfc100000-0xfc1fffff]
[    1.022529] pci 0000:00:18.4:   bridge window [mem 0xe6700000-0xe67fffff 64bit pref]
[    1.025035] pci 0000:00:18.5: PCI bridge to [bus 20]
[    1.026513] pci 0000:00:18.5:   bridge window [mem 0xfbd00000-0xfbdfffff]
[    1.028834] pci 0000:00:18.5:   bridge window [mem 0xe6300000-0xe63fffff 64bit pref]
[    1.031057] pci 0000:00:18.6: PCI bridge to [bus 21]
[    1.032650] pci 0000:00:18.6:   bridge window [mem 0xfb900000-0xfb9fffff]
[    1.034409] pci 0000:00:18.6:   bridge window [mem 0xe5f00000-0xe5ffffff 64bit pref]
[    1.037352] pci 0000:00:18.7: PCI bridge to [bus 22]
[    1.038981] pci 0000:00:18.7:   bridge window [mem 0xfb500000-0xfb5fffff]
[    1.041141] pci 0000:00:18.7:   bridge window [mem 0xe5b00000-0xe5bfffff 64bit pref]
[    1.045558] pci_bus 0000:00: on NUMA node 0
[    1.046813] ACPI: PCI Interrupt Link [LNKA] (IRQs 3 4 5 6 7 *9 10 11 14 15)
[    1.049370] ACPI: PCI Interrupt Link [LNKB] (IRQs 3 4 5 6 7 9 10 *11 14 15)
[    1.051700] ACPI: PCI Interrupt Link [LNKC] (IRQs 3 4 5 6 7 9 *10 11 14 15)
[    1.053994] ACPI: PCI Interrupt Link [LNKD] (IRQs 3 4 *5 6 7 9 10 11 14 15)
[    1.067195] ACPI: Enabled 2 GPEs in block 00 to 0F
[    1.068718] vgaarb: setting as boot device: PCI:0000:00:0f.0
[    1.070479] vgaarb: device added: PCI:0000:00:0f.0,decodes=io+mem,owns=io+mem,locks=none
[    1.072978] vgaarb: loaded
[    1.073606] vgaarb: bridge control possible 0000:00:0f.0
[    1.074933] SCSI subsystem initialized
[    1.075804] pps_core: LinuxPPS API ver. 1 registered
[    1.076908] pps_core: Software ver. 5.3.6 - Copyright 2005-2007 Rodolfo Giometti <giometti@linux.it>
[    1.079394] PTP clock support registered
[    1.080435] PCI: Using ACPI for IRQ routing
[    1.109204] PCI: pci_cache_line_size set to 64 bytes
[    1.111629] e820: reserve RAM buffer [mem 0x0009f000-0x0009ffff]
[    1.113506] e820: reserve RAM buffer [mem 0x3fee0000-0x3fffffff]
[    1.115722] NetLabel: Initializing
[    1.116795] NetLabel:  domain hash size = 128
[    1.118128] NetLabel:  protocols = UNLABELED CIPSOv4
[    1.119427] NetLabel:  unlabeled traffic allowed by default
[    1.120966] hpet0: at MMIO 0xfed00000, IRQs 2, 8, 0, 0, 0, 0, 0, 0, 0, 0, 0, 0, 0, 0, 0, 0
[    1.124016] hpet0: 16 comparators, 64-bit 14.318180 MHz counter
[    1.130267] Switched to clocksource hpet
[    1.138339] pnp: PnP ACPI init
[    1.139360] system 00:00: [io  0x1000-0x103f] could not be reserved
[    1.140926] system 00:00: [io  0x1040-0x104f] has been reserved
[    1.142582] system 00:00: [io  0x0cf0-0x0cf1] has been reserved
[    1.144100] system 00:00: Plug and Play ACPI device, IDs PNP0c02 (active)
[    1.145829] pnp 00:01: Plug and Play ACPI device, IDs PNP0b00 (active)
[    1.147970] pnp 00:02: Plug and Play ACPI device, IDs PNP0303 (active)
[    1.149818] pnp 00:03: Plug and Play ACPI device, IDs PNP0f13 (active)
[    1.151975] system 00:04: [mem 0xfed00000-0xfed003ff] has been reserved
[    1.153978] system 00:04: Plug and Play ACPI device, IDs PNP0103 PNP0c01 (active)
[    1.158558] pnp 00:05: Plug and Play ACPI device, IDs PNP0400 (active)
[    1.160963] pnp 00:06: Plug and Play ACPI device, IDs PNP0501 (active)
[    1.162946] pnp 00:07: Plug and Play ACPI device, IDs PNP0501 (active)
[    1.165043] pnp 00:08: [dma 2]
[    1.166115] pnp 00:08: Plug and Play ACPI device, IDs PNP0700 (active)
[    1.168165] system 00:09: [io  0xfce0-0xfcff] has been reserved
[    1.169508] system 00:09: [mem 0xf0000000-0xf7ffffff] has been reserved
[    1.171226] system 00:09: [mem 0xfe800000-0xfe9fffff] has been reserved
[    1.172943] system 00:09: Plug and Play ACPI device, IDs PNP0c02 (active)
[    1.180041] pnp: PnP ACPI: found 10 devices
[    1.217958] clocksource acpi_pm: mask: 0xffffff max_cycles: 0xffffff, max_idle_ns: 2085701024 ns
[    1.220380] pci 0000:00:15.3: bridge window [io  0x1000-0x0fff] to [bus 06] add_size 1000
[    1.220531] pci 0000:00:15.4: bridge window [io  0x1000-0x0fff] to [bus 07] add_size 1000
[    1.220682] pci 0000:00:15.5: bridge window [io  0x1000-0x0fff] to [bus 08] add_size 1000
[    1.220833] pci 0000:00:15.6: bridge window [io  0x1000-0x0fff] to [bus 09] add_size 1000
[    1.220983] pci 0000:00:15.7: bridge window [io  0x1000-0x0fff] to [bus 0a] add_size 1000
[    1.221134] pci 0000:00:16.3: bridge window [io  0x1000-0x0fff] to [bus 0e] add_size 1000
[    1.221285] pci 0000:00:16.4: bridge window [io  0x1000-0x0fff] to [bus 0f] add_size 1000
[    1.221436] pci 0000:00:16.5: bridge window [io  0x1000-0x0fff] to [bus 10] add_size 1000
[    1.223599] pci 0000:00:16.6: bridge window [io  0x1000-0x0fff] to [bus 11] add_size 1000
[    1.223634] pci 0000:00:16.7: bridge window [io  0x1000-0x0fff] to [bus 12] add_size 1000
[    1.223669] pci 0000:00:17.3: bridge window [io  0x1000-0x0fff] to [bus 16] add_size 1000
[    1.223705] pci 0000:00:17.4: bridge window [io  0x1000-0x0fff] to [bus 17] add_size 1000
[    1.223740] pci 0000:00:17.5: bridge window [io  0x1000-0x0fff] to [bus 18] add_size 1000
[    1.223775] pci 0000:00:17.6: bridge window [io  0x1000-0x0fff] to [bus 19] add_size 1000
[    1.223810] pci 0000:00:17.7: bridge window [io  0x1000-0x0fff] to [bus 1a] add_size 1000
[    1.223845] pci 0000:00:18.2: bridge window [io  0x1000-0x0fff] to [bus 1d] add_size 1000
[    1.223880] pci 0000:00:18.3: bridge window [io  0x1000-0x0fff] to [bus 1e] add_size 1000
[    1.223916] pci 0000:00:18.4: bridge window [io  0x1000-0x0fff] to [bus 1f] add_size 1000
[    1.223951] pci 0000:00:18.5: bridge window [io  0x1000-0x0fff] to [bus 20] add_size 1000
[    1.223986] pci 0000:00:18.6: bridge window [io  0x1000-0x0fff] to [bus 21] add_size 1000
[    1.224021] pci 0000:00:18.7: bridge window [io  0x1000-0x0fff] to [bus 22] add_size 1000
[    1.224056] pci 0000:00:15.3: res[13]=[io  0x1000-0x0fff] get_res_add_size add_size 1000
[    1.224091] pci 0000:00:15.4: res[13]=[io  0x1000-0x0fff] get_res_add_size add_size 1000
[    1.224127] pci 0000:00:15.5: res[13]=[io  0x1000-0x0fff] get_res_add_size add_size 1000
[    1.224162] pci 0000:00:15.6: res[13]=[io  0x1000-0x0fff] get_res_add_size add_size 1000
[    1.224197] pci 0000:00:15.7: res[13]=[io  0x1000-0x0fff] get_res_add_size add_size 1000
[    1.224232] pci 0000:00:16.3: res[13]=[io  0x1000-0x0fff] get_res_add_size add_size 1000
[    1.224267] pci 0000:00:16.4: res[13]=[io  0x1000-0x0fff] get_res_add_size add_size 1000
[    1.224302] pci 0000:00:16.5: res[13]=[io  0x1000-0x0fff] get_res_add_size add_size 1000
[    1.224338] pci 0000:00:16.6: res[13]=[io  0x1000-0x0fff] get_res_add_size add_size 1000
[    1.224373] pci 0000:00:16.7: res[13]=[io  0x1000-0x0fff] get_res_add_size add_size 1000
[    1.224408] pci 0000:00:17.3: res[13]=[io  0x1000-0x0fff] get_res_add_size add_size 1000
[    1.224443] pci 0000:00:17.4: res[13]=[io  0x1000-0x0fff] get_res_add_size add_size 1000
[    1.224478] pci 0000:00:17.5: res[13]=[io  0x1000-0x0fff] get_res_add_size add_size 1000
[    1.224514] pci 0000:00:17.6: res[13]=[io  0x1000-0x0fff] get_res_add_size add_size 1000
[    1.224549] pci 0000:00:17.7: res[13]=[io  0x1000-0x0fff] get_res_add_size add_size 1000
[    1.224584] pci 0000:00:18.2: res[13]=[io  0x1000-0x0fff] get_res_add_size add_size 1000
[    1.224619] pci 0000:00:18.3: res[13]=[io  0x1000-0x0fff] get_res_add_size add_size 1000
[    1.224654] pci 0000:00:18.4: res[13]=[io  0x1000-0x0fff] get_res_add_size add_size 1000
[    1.224689] pci 0000:00:18.5: res[13]=[io  0x1000-0x0fff] get_res_add_size add_size 1000
[    1.224725] pci 0000:00:18.6: res[13]=[io  0x1000-0x0fff] get_res_add_size add_size 1000
[    1.224760] pci 0000:00:18.7: res[13]=[io  0x1000-0x0fff] get_res_add_size add_size 1000
[    1.224795] pci 0000:00:0f.0: BAR 6: assigned [mem 0xc0000000-0xc0007fff pref]
[    1.224830] pci 0000:00:10.0: BAR 6: assigned [mem 0xc0008000-0xc000bfff pref]
[    1.224865] pci 0000:00:15.3: BAR 13: no space for [io  size 0x1000]
[    1.224900] pci 0000:00:15.3: BAR 13: failed to assign [io  size 0x1000]
[    1.224936] pci 0000:00:15.4: BAR 13: no space for [io  size 0x1000]
[    1.224971] pci 0000:00:15.4: BAR 13: failed to assign [io  size 0x1000]
[    1.225006] pci 0000:00:15.5: BAR 13: no space for [io  size 0x1000]
[    1.225041] pci 0000:00:15.5: BAR 13: failed to assign [io  size 0x1000]
[    1.225076] pci 0000:00:15.6: BAR 13: no space for [io  size 0x1000]
[    1.225111] pci 0000:00:15.6: BAR 13: failed to assign [io  size 0x1000]
[    1.226917] pci 0000:00:15.7: BAR 13: no space for [io  size 0x1000]
[    1.226952] pci 0000:00:15.7: BAR 13: failed to assign [io  size 0x1000]
[    1.226987] pci 0000:00:16.3: BAR 13: no space for [io  size 0x1000]
[    1.227022] pci 0000:00:16.3: BAR 13: failed to assign [io  size 0x1000]
[    1.227057] pci 0000:00:16.4: BAR 13: no space for [io  size 0x1000]
[    1.227092] pci 0000:00:16.4: BAR 13: failed to assign [io  size 0x1000]
[    1.227128] pci 0000:00:16.5: BAR 13: no space for [io  size 0x1000]
[    1.227163] pci 0000:00:16.5: BAR 13: failed to assign [io  size 0x1000]
[    1.227198] pci 0000:00:16.6: BAR 13: no space for [io  size 0x1000]
[    1.227233] pci 0000:00:16.6: BAR 13: failed to assign [io  size 0x1000]
[    1.227268] pci 0000:00:16.7: BAR 13: no space for [io  size 0x1000]
[    1.227303] pci 0000:00:16.7: BAR 13: failed to assign [io  size 0x1000]
[    1.227339] pci 0000:00:17.3: BAR 13: no space for [io  size 0x1000]
[    1.227374] pci 0000:00:17.3: BAR 13: failed to assign [io  size 0x1000]
[    1.227409] pci 0000:00:17.4: BAR 13: no space for [io  size 0x1000]
[    1.227444] pci 0000:00:17.4: BAR 13: failed to assign [io  size 0x1000]
[    1.227479] pci 0000:00:17.5: BAR 13: no space for [io  size 0x1000]
[    1.227515] pci 0000:00:17.5: BAR 13: failed to assign [io  size 0x1000]
[    1.227550] pci 0000:00:17.6: BAR 13: no space for [io  size 0x1000]
[    1.227585] pci 0000:00:17.6: BAR 13: failed to assign [io  size 0x1000]
[    1.227620] pci 0000:00:17.7: BAR 13: no space for [io  size 0x1000]
[    1.227655] pci 0000:00:17.7: BAR 13: failed to assign [io  size 0x1000]
[    1.227690] pci 0000:00:18.2: BAR 13: no space for [io  size 0x1000]
[    1.227726] pci 0000:00:18.2: BAR 13: failed to assign [io  size 0x1000]
[    1.227761] pci 0000:00:18.3: BAR 13: no space for [io  size 0x1000]
[    1.227796] pci 0000:00:18.3: BAR 13: failed to assign [io  size 0x1000]
[    1.227831] pci 0000:00:18.4: BAR 13: no space for [io  size 0x1000]
[    1.230240] pci 0000:00:18.4: BAR 13: failed to assign [io  size 0x1000]
[    1.230275] pci 0000:00:18.5: BAR 13: no space for [io  size 0x1000]
[    1.230310] pci 0000:00:18.5: BAR 13: failed to assign [io  size 0x1000]
[    1.230345] pci 0000:00:18.6: BAR 13: no space for [io  size 0x1000]
[    1.230381] pci 0000:00:18.6: BAR 13: failed to assign [io  size 0x1000]
[    1.230416] pci 0000:00:18.7: BAR 13: no space for [io  size 0x1000]
[    1.230451] pci 0000:00:18.7: BAR 13: failed to assign [io  size 0x1000]
[    1.230486] pci 0000:00:18.7: BAR 13: no space for [io  size 0x1000]
[    1.230521] pci 0000:00:18.7: BAR 13: failed to assign [io  size 0x1000]
[    1.230556] pci 0000:00:18.6: BAR 13: no space for [io  size 0x1000]
[    1.230592] pci 0000:00:18.6: BAR 13: failed to assign [io  size 0x1000]
[    1.233582] pci 0000:00:18.5: BAR 13: no space for [io  size 0x1000]
[    1.233618] pci 0000:00:18.5: BAR 13: failed to assign [io  size 0x1000]
[    1.233653] pci 0000:00:18.4: BAR 13: no space for [io  size 0x1000]
[    1.233688] pci 0000:00:18.4: BAR 13: failed to assign [io  size 0x1000]
[    1.233723] pci 0000:00:18.3: BAR 13: no space for [io  size 0x1000]
[    1.233758] pci 0000:00:18.3: BAR 13: failed to assign [io  size 0x1000]
[    1.233793] pci 0000:00:18.2: BAR 13: no space for [io  size 0x1000]
[    1.233829] pci 0000:00:18.2: BAR 13: failed to assign [io  size 0x1000]
[    1.233864] pci 0000:00:17.7: BAR 13: no space for [io  size 0x1000]
[    1.233899] pci 0000:00:17.7: BAR 13: failed to assign [io  size 0x1000]
[    1.233934] pci 0000:00:17.6: BAR 13: no space for [io  size 0x1000]
[    1.233969] pci 0000:00:17.6: BAR 13: failed to assign [io  size 0x1000]
[    1.234004] pci 0000:00:17.5: BAR 13: no space for [io  size 0x1000]
[    1.234040] pci 0000:00:17.5: BAR 13: failed to assign [io  size 0x1000]
[    1.234075] pci 0000:00:17.4: BAR 13: no space for [io  size 0x1000]
[    1.236904] pci 0000:00:17.4: BAR 13: failed to assign [io  size 0x1000]
[    1.236939] pci 0000:00:17.3: BAR 13: no space for [io  size 0x1000]
[    1.236974] pci 0000:00:17.3: BAR 13: failed to assign [io  size 0x1000]
[    1.240236] pci 0000:00:16.7: BAR 13: no space for [io  size 0x1000]
[    1.240271] pci 0000:00:16.7: BAR 13: failed to assign [io  size 0x1000]
[    1.240306] pci 0000:00:16.6: BAR 13: no space for [io  size 0x1000]
[    1.240341] pci 0000:00:16.6: BAR 13: failed to assign [io  size 0x1000]
[    1.240376] pci 0000:00:16.5: BAR 13: no space for [io  size 0x1000]
[    1.240412] pci 0000:00:16.5: BAR 13: failed to assign [io  size 0x1000]
[    1.240447] pci 0000:00:16.4: BAR 13: no space for [io  size 0x1000]
[    1.243567] pci 0000:00:16.4: BAR 13: failed to assign [io  size 0x1000]
[    1.243602] pci 0000:00:16.3: BAR 13: no space for [io  size 0x1000]
[    1.243637] pci 0000:00:16.3: BAR 13: failed to assign [io  size 0x1000]
[    1.243673] pci 0000:00:15.7: BAR 13: no space for [io  size 0x1000]
[    1.243708] pci 0000:00:15.7: BAR 13: failed to assign [io  size 0x1000]
[    1.243743] pci 0000:00:15.6: BAR 13: no space for [io  size 0x1000]
[    1.246900] pci 0000:00:15.6: BAR 13: failed to assign [io  size 0x1000]
[    1.246935] pci 0000:00:15.5: BAR 13: no space for [io  size 0x1000]
[    1.246970] pci 0000:00:15.5: BAR 13: failed to assign [io  size 0x1000]
[    1.247006] pci 0000:00:15.4: BAR 13: no space for [io  size 0x1000]
[    1.250226] pci 0000:00:15.4: BAR 13: failed to assign [io  size 0x1000]
[    1.250262] pci 0000:00:15.3: BAR 13: no space for [io  size 0x1000]
[    1.250297] pci 0000:00:15.3: BAR 13: failed to assign [io  size 0x1000]
[    1.250332] pci 0000:00:01.0: PCI bridge to [bus 01]
[    1.250367] pci 0000:02:01.0: BAR 6: assigned [mem 0xfd500000-0xfd50ffff pref]
[    1.250402] pci 0000:02:04.0: BAR 6: assigned [mem 0xfd510000-0xfd51ffff pref]
[    1.253569] pci 0000:02:05.0: BAR 6: assigned [mem 0xfd520000-0xfd52ffff pref]
[    1.253604] pci 0000:00:11.0: PCI bridge to [bus 02]
[    1.253639] pci 0000:00:11.0:   bridge window [io  0x2000-0x3fff]
[    1.253674] pci 0000:00:11.0:   bridge window [mem 0xfd500000-0xfdffffff]
[    1.253709] pci 0000:00:11.0:   bridge window [mem 0xe7b00000-0xe7ffffff 64bit pref]
[    1.256915] pci 0000:00:15.0: PCI bridge to [bus 03]
[    1.256950] pci 0000:00:15.0:   bridge window [io  0x4000-0x4fff]
[    1.256985] pci 0000:00:15.0:   bridge window [mem 0xfd400000-0xfd4fffff]
[    1.257021] pci 0000:00:15.0:   bridge window [mem 0xe7a00000-0xe7afffff 64bit pref]
[    1.257056] pci 0000:00:15.1: PCI bridge to [bus 04]
[    1.260247] pci 0000:00:15.1:   bridge window [io  0x8000-0x8fff]
[    1.260282] pci 0000:00:15.1:   bridge window [mem 0xfd000000-0xfd0fffff]
[    1.260317] pci 0000:00:15.1:   bridge window [mem 0xe7600000-0xe76fffff 64bit pref]
[    1.260352] pci 0000:00:15.2: PCI bridge to [bus 05]
[    1.260388] pci 0000:00:15.2:   bridge window [io  0xc000-0xcfff]
[    1.260423] pci 0000:00:15.2:   bridge window [mem 0xfcc00000-0xfccfffff]
[    1.260458] pci 0000:00:15.2:   bridge window [mem 0xe7200000-0xe72fffff 64bit pref]
[    1.260493] pci 0000:00:15.3: PCI bridge to [bus 06]
[    1.260528] pci 0000:00:15.3:   bridge window [mem 0xfc800000-0xfc8fffff]
[    1.260563] pci 0000:00:15.3:   bridge window [mem 0xe6e00000-0xe6efffff 64bit pref]
[    1.260599] pci 0000:00:15.4: PCI bridge to [bus 07]
[    1.260634] pci 0000:00:15.4:   bridge window [mem 0xfc400000-0xfc4fffff]
[    1.260669] pci 0000:00:15.4:   bridge window [mem 0xe6a00000-0xe6afffff 64bit pref]
[    1.260704] pci 0000:00:15.5: PCI bridge to [bus 08]
[    1.260739] pci 0000:00:15.5:   bridge window [mem 0xfc000000-0xfc0fffff]
[    1.263578] pci 0000:00:15.5:   bridge window [mem 0xe6600000-0xe66fffff 64bit pref]
[    1.263613] pci 0000:00:15.6: PCI bridge to [bus 09]
[    1.263648] pci 0000:00:15.6:   bridge window [mem 0xfbc00000-0xfbcfffff]
[    1.263684] pci 0000:00:15.6:   bridge window [mem 0xe6200000-0xe62fffff 64bit pref]
[    1.263719] pci 0000:00:15.7: PCI bridge to [bus 0a]
[    1.263754] pci 0000:00:15.7:   bridge window [mem 0xfb800000-0xfb8fffff]
[    1.263789] pci 0000:00:15.7:   bridge window [mem 0xe5e00000-0xe5efffff 64bit pref]
[    1.263824] pci 0000:00:16.0: PCI bridge to [bus 0b]
[    1.263859] pci 0000:00:16.0:   bridge window [io  0x5000-0x5fff]
[    1.263895] pci 0000:00:16.0:   bridge window [mem 0xfd300000-0xfd3fffff]
[    1.266909] pci 0000:00:16.0:   bridge window [mem 0xe7900000-0xe79fffff 64bit pref]
[    1.266944] pci 0000:00:16.1: PCI bridge to [bus 0c]
[    1.266980] pci 0000:00:16.1:   bridge window [io  0x9000-0x9fff]
[    1.267015] pci 0000:00:16.1:   bridge window [mem 0xfcf00000-0xfcffffff]
[    1.270242] pci 0000:00:16.1:   bridge window [mem 0xe7500000-0xe75fffff 64bit pref]
[    1.270277] pci 0000:00:16.2: PCI bridge to [bus 0d]
[    1.270312] pci 0000:00:16.2:   bridge window [io  0xd000-0xdfff]
[    1.270347] pci 0000:00:16.2:   bridge window [mem 0xfcb00000-0xfcbfffff]
[    1.270382] pci 0000:00:16.2:   bridge window [mem 0xe7100000-0xe71fffff 64bit pref]
[    1.273574] pci 0000:00:16.3: PCI bridge to [bus 0e]
[    1.273609] pci 0000:00:16.3:   bridge window [mem 0xfc700000-0xfc7fffff]
[    1.273644] pci 0000:00:16.3:   bridge window [mem 0xe6d00000-0xe6dfffff 64bit pref]
[    1.273680] pci 0000:00:16.4: PCI bridge to [bus 0f]
[    1.273715] pci 0000:00:16.4:   bridge window [mem 0xfc300000-0xfc3fffff]
[    1.273750] pci 0000:00:16.4:   bridge window [mem 0xe6900000-0xe69fffff 64bit pref]
[    1.273785] pci 0000:00:16.5: PCI bridge to [bus 10]
[    1.276908] pci 0000:00:16.5:   bridge window [mem 0xfbf00000-0xfbffffff]
[    1.276943] pci 0000:00:16.5:   bridge window [mem 0xe6500000-0xe65fffff 64bit pref]
[    1.276979] pci 0000:00:16.6: PCI bridge to [bus 11]
[    1.277014] pci 0000:00:16.6:   bridge window [mem 0xfbb00000-0xfbbfffff]
[    1.280237] pci 0000:00:16.6:   bridge window [mem 0xe6100000-0xe61fffff 64bit pref]
[    1.280272] pci 0000:00:16.7: PCI bridge to [bus 12]
[    1.280308] pci 0000:00:16.7:   bridge window [mem 0xfb700000-0xfb7fffff]
[    1.280343] pci 0000:00:16.7:   bridge window [mem 0xe5d00000-0xe5dfffff 64bit pref]
[    1.280378] pci 0000:00:17.0: PCI bridge to [bus 13]
[    1.280413] pci 0000:00:17.0:   bridge window [io  0x6000-0x6fff]
[    1.280448] pci 0000:00:17.0:   bridge window [mem 0xfd200000-0xfd2fffff]
[    1.283568] pci 0000:00:17.0:   bridge window [mem 0xe7800000-0xe78fffff 64bit pref]
[    1.283603] pci 0000:00:17.1: PCI bridge to [bus 14]
[    1.283638] pci 0000:00:17.1:   bridge window [io  0xa000-0xafff]
[    1.283673] pci 0000:00:17.1:   bridge window [mem 0xfce00000-0xfcefffff]
[    1.283708] pci 0000:00:17.1:   bridge window [mem 0xe7400000-0xe74fffff 64bit pref]
[    1.283744] pci 0000:00:17.2: PCI bridge to [bus 15]
[    1.283779] pci 0000:00:17.2:   bridge window [io  0xe000-0xefff]
[    1.283814] pci 0000:00:17.2:   bridge window [mem 0xfca00000-0xfcafffff]
[    1.283849] pci 0000:00:17.2:   bridge window [mem 0xe7000000-0xe70fffff 64bit pref]
[    1.283884] pci 0000:00:17.3: PCI bridge to [bus 16]
[    1.283919] pci 0000:00:17.3:   bridge window [mem 0xfc600000-0xfc6fffff]
[    1.283955] pci 0000:00:17.3:   bridge window [mem 0xe6c00000-0xe6cfffff 64bit pref]
[    1.283990] pci 0000:00:17.4: PCI bridge to [bus 17]
[    1.284025] pci 0000:00:17.4:   bridge window [mem 0xfc200000-0xfc2fffff]
[    1.284060] pci 0000:00:17.4:   bridge window [mem 0xe6800000-0xe68fffff 64bit pref]
[    1.284095] pci 0000:00:17.5: PCI bridge to [bus 18]
[    1.284130] pci 0000:00:17.5:   bridge window [mem 0xfbe00000-0xfbefffff]
[    1.284166] pci 0000:00:17.5:   bridge window [mem 0xe6400000-0xe64fffff 64bit pref]
[    1.284201] pci 0000:00:17.6: PCI bridge to [bus 19]
[    1.284236] pci 0000:00:17.6:   bridge window [mem 0xfba00000-0xfbafffff]
[    1.284271] pci 0000:00:17.6:   bridge window [mem 0xe6000000-0xe60fffff 64bit pref]
[    1.284306] pci 0000:00:17.7: PCI bridge to [bus 1a]
[    1.284342] pci 0000:00:17.7:   bridge window [mem 0xfb600000-0xfb6fffff]
[    1.284377] pci 0000:00:17.7:   bridge window [mem 0xe5c00000-0xe5cfffff 64bit pref]
[    1.284412] pci 0000:00:18.0: PCI bridge to [bus 1b]
[    1.284447] pci 0000:00:18.0:   bridge window [io  0x7000-0x7fff]
[    1.284482] pci 0000:00:18.0:   bridge window [mem 0xfd100000-0xfd1fffff]
[    1.284517] pci 0000:00:18.0:   bridge window [mem 0xe7700000-0xe77fffff 64bit pref]
[    1.284553] pci 0000:00:18.1: PCI bridge to [bus 1c]
[    1.284588] pci 0000:00:18.1:   bridge window [io  0xb000-0xbfff]
[    1.284623] pci 0000:00:18.1:   bridge window [mem 0xfcd00000-0xfcdfffff]
[    1.284658] pci 0000:00:18.1:   bridge window [mem 0xe7300000-0xe73fffff 64bit pref]
[    1.284693] pci 0000:00:18.2: PCI bridge to [bus 1d]
[    1.284728] pci 0000:00:18.2:   bridge window [mem 0xfc900000-0xfc9fffff]
[    1.284764] pci 0000:00:18.2:   bridge window [mem 0xe6f00000-0xe6ffffff 64bit pref]
[    1.286899] pci 0000:00:18.3: PCI bridge to [bus 1e]
[    1.286934] pci 0000:00:18.3:   bridge window [mem 0xfc500000-0xfc5fffff]
[    1.286969] pci 0000:00:18.3:   bridge window [mem 0xe6b00000-0xe6bfffff 64bit pref]
[    1.287004] pci 0000:00:18.4: PCI bridge to [bus 1f]
[    1.287039] pci 0000:00:18.4:   bridge window [mem 0xfc100000-0xfc1fffff]
[    1.287075] pci 0000:00:18.4:   bridge window [mem 0xe6700000-0xe67fffff 64bit pref]
[    1.287110] pci 0000:00:18.5: PCI bridge to [bus 20]
[    1.287145] pci 0000:00:18.5:   bridge window [mem 0xfbd00000-0xfbdfffff]
[    1.287180] pci 0000:00:18.5:   bridge window [mem 0xe6300000-0xe63fffff 64bit pref]
[    1.287215] pci 0000:00:18.6: PCI bridge to [bus 21]
[    1.287250] pci 0000:00:18.6:   bridge window [mem 0xfb900000-0xfb9fffff]
[    1.287286] pci 0000:00:18.6:   bridge window [mem 0xe5f00000-0xe5ffffff 64bit pref]
[    1.287321] pci 0000:00:18.7: PCI bridge to [bus 22]
[    1.287356] pci 0000:00:18.7:   bridge window [mem 0xfb500000-0xfb5fffff]
[    1.287391] pci 0000:00:18.7:   bridge window [mem 0xe5b00000-0xe5bfffff 64bit pref]
[    1.287426] pci_bus 0000:00: resource 4 [mem 0x000a0000-0x000bffff window]
[    1.287462] pci_bus 0000:00: resource 5 [mem 0x000d0000-0x000d3fff window]
[    1.287497] pci_bus 0000:00: resource 6 [mem 0x000d4000-0x000d7fff window]
[    1.287532] pci_bus 0000:00: resource 7 [mem 0x000d8000-0x000dbfff window]
[    1.287567] pci_bus 0000:00: resource 8 [mem 0xc0000000-0xfebfffff window]
[    1.287602] pci_bus 0000:00: resource 9 [io  0x0000-0x0cf7 window]
[    1.287637] pci_bus 0000:00: resource 10 [io  0x0d00-0xfeff window]
[    1.287673] pci_bus 0000:02: resource 0 [io  0x2000-0x3fff]
[    1.287708] pci_bus 0000:02: resource 1 [mem 0xfd500000-0xfdffffff]
[    1.287743] pci_bus 0000:02: resource 2 [mem 0xe7b00000-0xe7ffffff 64bit pref]
[    1.287778] pci_bus 0000:02: resource 4 [mem 0x000a0000-0x000bffff window]
[    1.287813] pci_bus 0000:02: resource 5 [mem 0x000d0000-0x000d3fff window]
[    1.287848] pci_bus 0000:02: resource 6 [mem 0x000d4000-0x000d7fff window]
[    1.287884] pci_bus 0000:02: resource 7 [mem 0x000d8000-0x000dbfff window]
[    1.287919] pci_bus 0000:02: resource 8 [mem 0xc0000000-0xfebfffff window]
[    1.287954] pci_bus 0000:02: resource 9 [io  0x0000-0x0cf7 window]
[    1.287989] pci_bus 0000:02: resource 10 [io  0x0d00-0xfeff window]
[    1.288024] pci_bus 0000:03: resource 0 [io  0x4000-0x4fff]
[    1.288060] pci_bus 0000:03: resource 1 [mem 0xfd400000-0xfd4fffff]
[    1.288095] pci_bus 0000:03: resource 2 [mem 0xe7a00000-0xe7afffff 64bit pref]
[    1.288130] pci_bus 0000:04: resource 0 [io  0x8000-0x8fff]
[    1.288165] pci_bus 0000:04: resource 1 [mem 0xfd000000-0xfd0fffff]
[    1.288200] pci_bus 0000:04: resource 2 [mem 0xe7600000-0xe76fffff 64bit pref]
[    1.288235] pci_bus 0000:05: resource 0 [io  0xc000-0xcfff]
[    1.288271] pci_bus 0000:05: resource 1 [mem 0xfcc00000-0xfccfffff]
[    1.288306] pci_bus 0000:05: resource 2 [mem 0xe7200000-0xe72fffff 64bit pref]
[    1.288341] pci_bus 0000:06: resource 1 [mem 0xfc800000-0xfc8fffff]
[    1.288376] pci_bus 0000:06: resource 2 [mem 0xe6e00000-0xe6efffff 64bit pref]
[    1.290206] pci_bus 0000:07: resource 1 [mem 0xfc400000-0xfc4fffff]
[    1.290242] pci_bus 0000:07: resource 2 [mem 0xe6a00000-0xe6afffff 64bit pref]
[    1.290277] pci_bus 0000:08: resource 1 [mem 0xfc000000-0xfc0fffff]
[    1.290312] pci_bus 0000:08: resource 2 [mem 0xe6600000-0xe66fffff 64bit pref]
[    1.290347] pci_bus 0000:09: resource 1 [mem 0xfbc00000-0xfbcfffff]
[    1.290382] pci_bus 0000:09: resource 2 [mem 0xe6200000-0xe62fffff 64bit pref]
[    1.290418] pci_bus 0000:0a: resource 1 [mem 0xfb800000-0xfb8fffff]
[    1.290453] pci_bus 0000:0a: resource 2 [mem 0xe5e00000-0xe5efffff 64bit pref]
[    1.290488] pci_bus 0000:0b: resource 0 [io  0x5000-0x5fff]
[    1.290523] pci_bus 0000:0b: resource 1 [mem 0xfd300000-0xfd3fffff]
[    1.290558] pci_bus 0000:0b: resource 2 [mem 0xe7900000-0xe79fffff 64bit pref]
[    1.290593] pci_bus 0000:0c: resource 0 [io  0x9000-0x9fff]
[    1.290629] pci_bus 0000:0c: resource 1 [mem 0xfcf00000-0xfcffffff]
[    1.290664] pci_bus 0000:0c: resource 2 [mem 0xe7500000-0xe75fffff 64bit pref]
[    1.290699] pci_bus 0000:0d: resource 0 [io  0xd000-0xdfff]
[    1.290734] pci_bus 0000:0d: resource 1 [mem 0xfcb00000-0xfcbfffff]
[    1.290769] pci_bus 0000:0d: resource 2 [mem 0xe7100000-0xe71fffff 64bit pref]
[    1.290804] pci_bus 0000:0e: resource 1 [mem 0xfc700000-0xfc7fffff]
[    1.290840] pci_bus 0000:0e: resource 2 [mem 0xe6d00000-0xe6dfffff 64bit pref]
[    1.290875] pci_bus 0000:0f: resource 1 [mem 0xfc300000-0xfc3fffff]
[    1.290910] pci_bus 0000:0f: resource 2 [mem 0xe6900000-0xe69fffff 64bit pref]
[    1.290945] pci_bus 0000:10: resource 1 [mem 0xfbf00000-0xfbffffff]
[    1.290980] pci_bus 0000:10: resource 2 [mem 0xe6500000-0xe65fffff 64bit pref]
[    1.291016] pci_bus 0000:11: resource 1 [mem 0xfbb00000-0xfbbfffff]
[    1.291051] pci_bus 0000:11: resource 2 [mem 0xe6100000-0xe61fffff 64bit pref]
[    1.291086] pci_bus 0000:12: resource 1 [mem 0xfb700000-0xfb7fffff]
[    1.291121] pci_bus 0000:12: resource 2 [mem 0xe5d00000-0xe5dfffff 64bit pref]
[    1.293551] pci_bus 0000:13: resource 0 [io  0x6000-0x6fff]
[    1.293586] pci_bus 0000:13: resource 1 [mem 0xfd200000-0xfd2fffff]
[    1.293621] pci_bus 0000:13: resource 2 [mem 0xe7800000-0xe78fffff 64bit pref]
[    1.293656] pci_bus 0000:14: resource 0 [io  0xa000-0xafff]
[    1.293692] pci_bus 0000:14: resource 1 [mem 0xfce00000-0xfcefffff]
[    1.293727] pci_bus 0000:14: resource 2 [mem 0xe7400000-0xe74fffff 64bit pref]
[    1.293762] pci_bus 0000:15: resource 0 [io  0xe000-0xefff]
[    1.293797] pci_bus 0000:15: resource 1 [mem 0xfca00000-0xfcafffff]
[    1.293832] pci_bus 0000:15: resource 2 [mem 0xe7000000-0xe70fffff 64bit pref]
[    1.293867] pci_bus 0000:16: resource 1 [mem 0xfc600000-0xfc6fffff]
[    1.293903] pci_bus 0000:16: resource 2 [mem 0xe6c00000-0xe6cfffff 64bit pref]
[    1.293938] pci_bus 0000:17: resource 1 [mem 0xfc200000-0xfc2fffff]
[    1.293973] pci_bus 0000:17: resource 2 [mem 0xe6800000-0xe68fffff 64bit pref]
[    1.294008] pci_bus 0000:18: resource 1 [mem 0xfbe00000-0xfbefffff]
[    1.294043] pci_bus 0000:18: resource 2 [mem 0xe6400000-0xe64fffff 64bit pref]
[    1.294078] pci_bus 0000:19: resource 1 [mem 0xfba00000-0xfbafffff]
[    1.294114] pci_bus 0000:19: resource 2 [mem 0xe6000000-0xe60fffff 64bit pref]
[    1.294149] pci_bus 0000:1a: resource 1 [mem 0xfb600000-0xfb6fffff]
[    1.294184] pci_bus 0000:1a: resource 2 [mem 0xe5c00000-0xe5cfffff 64bit pref]
[    1.294219] pci_bus 0000:1b: resource 0 [io  0x7000-0x7fff]
[    1.294254] pci_bus 0000:1b: resource 1 [mem 0xfd100000-0xfd1fffff]
[    1.294290] pci_bus 0000:1b: resource 2 [mem 0xe7700000-0xe77fffff 64bit pref]
[    1.294325] pci_bus 0000:1c: resource 0 [io  0xb000-0xbfff]
[    1.294360] pci_bus 0000:1c: resource 1 [mem 0xfcd00000-0xfcdfffff]
[    1.294395] pci_bus 0000:1c: resource 2 [mem 0xe7300000-0xe73fffff 64bit pref]
[    1.294430] pci_bus 0000:1d: resource 1 [mem 0xfc900000-0xfc9fffff]
[    1.294465] pci_bus 0000:1d: resource 2 [mem 0xe6f00000-0xe6ffffff 64bit pref]
[    1.294501] pci_bus 0000:1e: resource 1 [mem 0xfc500000-0xfc5fffff]
[    1.294536] pci_bus 0000:1e: resource 2 [mem 0xe6b00000-0xe6bfffff 64bit pref]
[    1.294571] pci_bus 0000:1f: resource 1 [mem 0xfc100000-0xfc1fffff]
[    1.294606] pci_bus 0000:1f: resource 2 [mem 0xe6700000-0xe67fffff 64bit pref]
[    1.294641] pci_bus 0000:20: resource 1 [mem 0xfbd00000-0xfbdfffff]
[    1.294676] pci_bus 0000:20: resource 2 [mem 0xe6300000-0xe63fffff 64bit pref]
[    1.294712] pci_bus 0000:21: resource 1 [mem 0xfb900000-0xfb9fffff]
[    1.294747] pci_bus 0000:21: resource 2 [mem 0xe5f00000-0xe5ffffff 64bit pref]
[    1.294782] pci_bus 0000:22: resource 1 [mem 0xfb500000-0xfb5fffff]
[    1.294817] pci_bus 0000:22: resource 2 [mem 0xe5b00000-0xe5bfffff 64bit pref]
[    1.296895] NET: Registered protocol family 2
[    1.297078] TCP established hash table entries: 8192 (order: 3, 32768 bytes)
[    1.297113] TCP bind hash table entries: 8192 (order: 4, 65536 bytes)
[    1.297149] TCP: Hash tables configured (established 8192 bind 8192)
[    1.297184] TCP: reno registered
[    1.297219] UDP hash table entries: 512 (order: 2, 16384 bytes)
[    1.297254] UDP-Lite hash table entries: 512 (order: 2, 16384 bytes)
[    1.297289] NET: Registered protocol family 1
[    1.297429] RPC: Registered named UNIX socket transport module.
[    1.297465] RPC: Registered udp transport module.
[    1.297500] RPC: Registered tcp transport module.
[    1.297535] RPC: Registered tcp NFSv4.1 backchannel transport module.
[    1.297570] pci 0000:00:00.0: Limiting direct PCI/PCI transfers
[    1.297605] pci 0000:00:0f.0: Video device with shadowed ROM
[    1.297681] PCI: CLS 32 bytes, default 64
[    1.297716] Simple Boot Flag at 0x36 set to 0x1
[    1.297752] clocksource tsc: mask: 0xffffffffffffffff max_cycles: 0x21143332186, max_idle_ns: 440795281468 ns
[    1.300288] Switched to clocksource tsc
[    1.300324] RAPL PMU detected, hw unit 2^-0 Joules, API unit is 2^-32 Joules, 3 fixed counters 10737418240 ms ovfl timer
[    1.300359] microcode: CPU0 sig=0x206a7, pf=0x1, revision=0x1b
[    1.300444] microcode: Microcode Update Driver: v2.00 <tigran@aivazian.fsnet.co.uk>, Peter Oruba
[    1.300479] apm: BIOS not found.
[    1.300514] Scanning for low memory corruption every 60 seconds
[    1.300713] futex hash table entries: 2048 (order: 5, 131072 bytes)
[    1.300748] Initialise system trusted keyring
[    1.300912] HugeTLB registered 4 MB page size, pre-allocated 0 pages
[    1.303572] zpool: loaded
[    1.303607] zbud: loaded
[    1.303737] VFS: Disk quotas dquot_6.5.2
[    1.303772] VFS: Dquot-cache hash table entries: 1024 (order 0, 4096 bytes)
[    1.303880] NFS: Registering the id_resolver key type
[    1.303916] Key type id_resolver registered
[    1.303951] Key type id_legacy registered
[    1.303986] nfs4filelayout_init: NFSv4 File Layout Driver Registering...
[    1.304021] Installing knfsd (copyright (C) 1996 okir@monad.swb.de).
[    1.304118] Key type big_key registered
[    1.304430] bounce: pool size: 64 pages
[    1.304465] Block layer SCSI generic (bsg) driver version 0.4 loaded (major 250)
[    1.304557] io scheduler noop registered
[    1.304592] io scheduler deadline registered
[    1.304627] io scheduler cfq registered (default)
[    1.323555] pcieport 0000:00:15.0: Signaling PME through PCIe PME interrupt
[    1.323625] pcie_pme 0000:00:15.0:pcie01: service driver pcie_pme loaded
[    1.323660] pcieport 0000:00:15.1: Signaling PME through PCIe PME interrupt
[    1.323695] pcie_pme 0000:00:15.1:pcie01: service driver pcie_pme loaded
[    1.323730] pcieport 0000:00:15.2: Signaling PME through PCIe PME interrupt
[    1.323766] pcie_pme 0000:00:15.2:pcie01: service driver pcie_pme loaded
[    1.323801] pcieport 0000:00:15.3: Signaling PME through PCIe PME interrupt
[    1.323836] pcie_pme 0000:00:15.3:pcie01: service driver pcie_pme loaded
[    1.323871] pcieport 0000:00:15.4: Signaling PME through PCIe PME interrupt
[    1.323906] pcie_pme 0000:00:15.4:pcie01: service driver pcie_pme loaded
[    1.323941] pcieport 0000:00:15.5: Signaling PME through PCIe PME interrupt
[    1.323977] pcie_pme 0000:00:15.5:pcie01: service driver pcie_pme loaded
[    1.324012] pcieport 0000:00:15.6: Signaling PME through PCIe PME interrupt
[    1.324047] pcie_pme 0000:00:15.6:pcie01: service driver pcie_pme loaded
[    1.324082] pcieport 0000:00:15.7: Signaling PME through PCIe PME interrupt
[    1.326914] pcie_pme 0000:00:15.7:pcie01: service driver pcie_pme loaded
[    1.326949] pcieport 0000:00:16.0: Signaling PME through PCIe PME interrupt
[    1.326985] pcie_pme 0000:00:16.0:pcie01: service driver pcie_pme loaded
[    1.327020] pcieport 0000:00:16.1: Signaling PME through PCIe PME interrupt
[    1.327055] pcie_pme 0000:00:16.1:pcie01: service driver pcie_pme loaded
[    1.327090] pcieport 0000:00:16.2: Signaling PME through PCIe PME interrupt
[    1.327125] pcie_pme 0000:00:16.2:pcie01: service driver pcie_pme loaded
[    1.327161] pcieport 0000:00:16.3: Signaling PME through PCIe PME interrupt
[    1.327196] pcie_pme 0000:00:16.3:pcie01: service driver pcie_pme loaded
[    1.327231] pcieport 0000:00:16.4: Signaling PME through PCIe PME interrupt
[    1.327266] pcie_pme 0000:00:16.4:pcie01: service driver pcie_pme loaded
[    1.327301] pcieport 0000:00:16.5: Signaling PME through PCIe PME interrupt
[    1.327336] pcie_pme 0000:00:16.5:pcie01: service driver pcie_pme loaded
[    1.327372] pcieport 0000:00:16.6: Signaling PME through PCIe PME interrupt
[    1.327407] pcie_pme 0000:00:16.6:pcie01: service driver pcie_pme loaded
[    1.327442] pcieport 0000:00:16.7: Signaling PME through PCIe PME interrupt
[    1.327477] pcie_pme 0000:00:16.7:pcie01: service driver pcie_pme loaded
[    1.327512] pcieport 0000:00:17.0: Signaling PME through PCIe PME interrupt
[    1.327547] pcie_pme 0000:00:17.0:pcie01: service driver pcie_pme loaded
[    1.327583] pcieport 0000:00:17.1: Signaling PME through PCIe PME interrupt
[    1.327618] pcie_pme 0000:00:17.1:pcie01: service driver pcie_pme loaded
[    1.327653] pcieport 0000:00:17.2: Signaling PME through PCIe PME interrupt
[    1.327688] pcie_pme 0000:00:17.2:pcie01: service driver pcie_pme loaded
[    1.327723] pcieport 0000:00:17.3: Signaling PME through PCIe PME interrupt
[    1.327758] pcie_pme 0000:00:17.3:pcie01: service driver pcie_pme loaded
[    1.327794] pcieport 0000:00:17.4: Signaling PME through PCIe PME interrupt
[    1.327829] pcie_pme 0000:00:17.4:pcie01: service driver pcie_pme loaded
[    1.327864] pcieport 0000:00:17.5: Signaling PME through PCIe PME interrupt
[    1.327899] pcie_pme 0000:00:17.5:pcie01: service driver pcie_pme loaded
[    1.327934] pcieport 0000:00:17.6: Signaling PME through PCIe PME interrupt
[    1.327970] pcie_pme 0000:00:17.6:pcie01: service driver pcie_pme loaded
[    1.328005] pcieport 0000:00:17.7: Signaling PME through PCIe PME interrupt
[    1.328040] pcie_pme 0000:00:17.7:pcie01: service driver pcie_pme loaded
[    1.330207] pcieport 0000:00:18.0: Signaling PME through PCIe PME interrupt
[    1.330242] pcie_pme 0000:00:18.0:pcie01: service driver pcie_pme loaded
[    1.330277] pcieport 0000:00:18.1: Signaling PME through PCIe PME interrupt
[    1.330312] pcie_pme 0000:00:18.1:pcie01: service driver pcie_pme loaded
[    1.330347] pcieport 0000:00:18.2: Signaling PME through PCIe PME interrupt
[    1.330383] pcie_pme 0000:00:18.2:pcie01: service driver pcie_pme loaded
[    1.330418] pcieport 0000:00:18.3: Signaling PME through PCIe PME interrupt
[    1.330453] pcie_pme 0000:00:18.3:pcie01: service driver pcie_pme loaded
[    1.330488] pcieport 0000:00:18.4: Signaling PME through PCIe PME interrupt
[    1.330523] pcie_pme 0000:00:18.4:pcie01: service driver pcie_pme loaded
[    1.330558] pcieport 0000:00:18.5: Signaling PME through PCIe PME interrupt
[    1.330594] pcie_pme 0000:00:18.5:pcie01: service driver pcie_pme loaded
[    1.330629] pcieport 0000:00:18.6: Signaling PME through PCIe PME interrupt
[    1.330664] pcie_pme 0000:00:18.6:pcie01: service driver pcie_pme loaded
[    1.330699] pcieport 0000:00:18.7: Signaling PME through PCIe PME interrupt
[    1.330734] pcie_pme 0000:00:18.7:pcie01: service driver pcie_pme loaded
[    1.330770] pci_hotplug: PCI Hot Plug PCI Core version: 0.5
[    1.330805] pciehp 0000:00:15.0:pcie04: Slot #160 AttnBtn+ AttnInd- PwrInd- PwrCtrl+ MRL- Interlock- NoCompl+ LLActRep+
[    1.330889] pciehp 0000:00:15.0:pcie04: service driver pciehp loaded
[    1.330924] pciehp 0000:00:15.1:pcie04: Slot #161 AttnBtn+ AttnInd- PwrInd- PwrCtrl+ MRL- Interlock- NoCompl+ LLActRep+
[    1.330999] pciehp 0000:00:15.1:pcie04: service driver pciehp loaded
[    1.331035] pciehp 0000:00:15.2:pcie04: Slot #162 AttnBtn+ AttnInd- PwrInd- PwrCtrl+ MRL- Interlock- NoCompl+ LLActRep+
[    1.333594] pciehp 0000:00:15.2:pcie04: service driver pciehp loaded
[    1.333629] pciehp 0000:00:15.3:pcie04: Slot #163 AttnBtn+ AttnInd- PwrInd- PwrCtrl+ MRL- Interlock- NoCompl+ LLActRep+
[    1.333713] pciehp 0000:00:15.3:pcie04: service driver pciehp loaded
[    1.333748] pciehp 0000:00:15.4:pcie04: Slot #164 AttnBtn+ AttnInd- PwrInd- PwrCtrl+ MRL- Interlock- NoCompl+ LLActRep+
[    1.333827] pciehp 0000:00:15.4:pcie04: service driver pciehp loaded
[    1.333863] pciehp 0000:00:15.5:pcie04: Slot #165 AttnBtn+ AttnInd- PwrInd- PwrCtrl+ MRL- Interlock- NoCompl+ LLActRep+
[    1.333942] pciehp 0000:00:15.5:pcie04: service driver pciehp loaded
[    1.333977] pciehp 0000:00:15.6:pcie04: Slot #166 AttnBtn+ AttnInd- PwrInd- PwrCtrl+ MRL- Interlock- NoCompl+ LLActRep+
[    1.336917] pciehp 0000:00:15.6:pcie04: service driver pciehp loaded
[    1.336952] pciehp 0000:00:15.7:pcie04: Slot #167 AttnBtn+ AttnInd- PwrInd- PwrCtrl+ MRL- Interlock- NoCompl+ LLActRep+
[    1.337033] pciehp 0000:00:15.7:pcie04: service driver pciehp loaded
[    1.337068] pciehp 0000:00:16.0:pcie04: Slot #192 AttnBtn+ AttnInd- PwrInd- PwrCtrl+ MRL- Interlock- NoCompl+ LLActRep+
[    1.340244] pciehp 0000:00:16.0:pcie04: service driver pciehp loaded
[    1.340279] pciehp 0000:00:16.1:pcie04: Slot #193 AttnBtn+ AttnInd- PwrInd- PwrCtrl+ MRL- Interlock- NoCompl+ LLActRep+
[    1.340362] pciehp 0000:00:16.1:pcie04: service driver pciehp loaded
[    1.340398] pciehp 0000:00:16.2:pcie04: Slot #194 AttnBtn+ AttnInd- PwrInd- PwrCtrl+ MRL- Interlock- NoCompl+ LLActRep+
[    1.340474] pciehp 0000:00:16.2:pcie04: service driver pciehp loaded
[    1.340509] pciehp 0000:00:16.3:pcie04: Slot #195 AttnBtn+ AttnInd- PwrInd- PwrCtrl+ MRL- Interlock- NoCompl+ LLActRep+
[    1.340587] pciehp 0000:00:16.3:pcie04: service driver pciehp loaded
[    1.340622] pciehp 0000:00:16.4:pcie04: Slot #196 AttnBtn+ AttnInd- PwrInd- PwrCtrl+ MRL- Interlock- NoCompl+ LLActRep+
[    1.340706] pciehp 0000:00:16.4:pcie04: service driver pciehp loaded
[    1.340741] pciehp 0000:00:16.5:pcie04: Slot #197 AttnBtn+ AttnInd- PwrInd- PwrCtrl+ MRL- Interlock- NoCompl+ LLActRep+
[    1.343571] pciehp 0000:00:16.5:pcie04: service driver pciehp loaded
[    1.343606] pciehp 0000:00:16.6:pcie04: Slot #198 AttnBtn+ AttnInd- PwrInd- PwrCtrl+ MRL- Interlock- NoCompl+ LLActRep+
[    1.343686] pciehp 0000:00:16.6:pcie04: service driver pciehp loaded
[    1.343721] pciehp 0000:00:16.7:pcie04: Slot #199 AttnBtn+ AttnInd- PwrInd- PwrCtrl+ MRL- Interlock- NoCompl+ LLActRep+
[    1.343804] pciehp 0000:00:16.7:pcie04: service driver pciehp loaded
[    1.343839] pciehp 0000:00:17.0:pcie04: Slot #224 AttnBtn+ AttnInd- PwrInd- PwrCtrl+ MRL- Interlock- NoCompl+ LLActRep+
[    1.343917] pciehp 0000:00:17.0:pcie04: service driver pciehp loaded
[    1.343953] pciehp 0000:00:17.1:pcie04: Slot #225 AttnBtn+ AttnInd- PwrInd- PwrCtrl+ MRL- Interlock- NoCompl+ LLActRep+
[    1.344029] pciehp 0000:00:17.1:pcie04: service driver pciehp loaded
[    1.344065] pciehp 0000:00:17.2:pcie04: Slot #226 AttnBtn+ AttnInd- PwrInd- PwrCtrl+ MRL- Interlock- NoCompl+ LLActRep+
[    1.344147] pciehp 0000:00:17.2:pcie04: service driver pciehp loaded
[    1.344182] pciehp 0000:00:17.3:pcie04: Slot #227 AttnBtn+ AttnInd- PwrInd- PwrCtrl+ MRL- Interlock- NoCompl+ LLActRep+
[    1.344258] pciehp 0000:00:17.3:pcie04: service driver pciehp loaded
[    1.344293] pciehp 0000:00:17.4:pcie04: Slot #228 AttnBtn+ AttnInd- PwrInd- PwrCtrl+ MRL- Interlock- NoCompl+ LLActRep+
[    1.344370] pciehp 0000:00:17.4:pcie04: service driver pciehp loaded
[    1.344405] pciehp 0000:00:17.5:pcie04: Slot #229 AttnBtn+ AttnInd- PwrInd- PwrCtrl+ MRL- Interlock- NoCompl+ LLActRep+
[    1.346964] pciehp 0000:00:17.5:pcie04: service driver pciehp loaded
[    1.347238] pciehp 0000:00:17.6:pcie04: Slot #230 AttnBtn+ AttnInd- PwrInd- PwrCtrl+ MRL- Interlock- NoCompl+ LLActRep+
[    1.347623] pciehp 0000:00:17.6:pcie04: service driver pciehp loaded
[    1.347897] pciehp 0000:00:17.7:pcie04: Slot #231 AttnBtn+ AttnInd- PwrInd- PwrCtrl+ MRL- Interlock- NoCompl+ LLActRep+
[    1.350276] pciehp 0000:00:17.7:pcie04: service driver pciehp loaded
[    1.350550] pciehp 0000:00:18.0:pcie04: Slot #256 AttnBtn+ AttnInd- PwrInd- PwrCtrl+ MRL- Interlock- NoCompl+ LLActRep+
[    1.350912] pciehp 0000:00:18.0:pcie04: service driver pciehp loaded
[    1.351186] pciehp 0000:00:18.1:pcie04: Slot #257 AttnBtn+ AttnInd- PwrInd- PwrCtrl+ MRL- Interlock- NoCompl+ LLActRep+
[    1.351540] pciehp 0000:00:18.1:pcie04: service driver pciehp loaded
[    1.351814] pciehp 0000:00:18.2:pcie04: Slot #258 AttnBtn+ AttnInd- PwrInd- PwrCtrl+ MRL- Interlock- NoCompl+ LLActRep+
[    1.353591] pciehp 0000:00:18.2:pcie04: service driver pciehp loaded
[    1.353865] pciehp 0000:00:18.3:pcie04: Slot #259 AttnBtn+ AttnInd- PwrInd- PwrCtrl+ MRL- Interlock- NoCompl+ LLActRep+
[    1.354200] pciehp 0000:00:18.3:pcie04: service driver pciehp loaded
[    1.354474] pciehp 0000:00:18.4:pcie04: Slot #260 AttnBtn+ AttnInd- PwrInd- PwrCtrl+ MRL- Interlock- NoCompl+ LLActRep+
[    1.356941] pciehp 0000:00:18.4:pcie04: service driver pciehp loaded
[    1.357215] pciehp 0000:00:18.5:pcie04: Slot #261 AttnBtn+ AttnInd- PwrInd- PwrCtrl+ MRL- Interlock- NoCompl+ LLActRep+
[    1.357570] pciehp 0000:00:18.5:pcie04: service driver pciehp loaded
[    1.357844] pciehp 0000:00:18.6:pcie04: Slot #262 AttnBtn+ AttnInd- PwrInd- PwrCtrl+ MRL- Interlock- NoCompl+ LLActRep+
[    1.360285] pciehp 0000:00:18.6:pcie04: service driver pciehp loaded
[    1.360559] pciehp 0000:00:18.7:pcie04: Slot #263 AttnBtn+ AttnInd- PwrInd- PwrCtrl+ MRL- Interlock- NoCompl+ LLActRep+
[    1.360966] pciehp 0000:00:18.7:pcie04: service driver pciehp loaded
[    1.361240] pciehp: PCI Express Hot Plug Controller Driver version: 0.4
[    1.361514] intel_idle: does not run on family 6 model 42
[    1.361788] GHES: HEST is not enabled!
[    1.362062] isapnp: Scanning for PnP cards...
[    1.720240] isapnp: No Plug & Play device found
[    1.720559] Serial: 8250/16550 driver, 4 ports, IRQ sharing disabled
[    1.743357] 00:06: ttyS0 at I/O 0x3f8 (irq = 4, base_baud = 115200) is a 16550A
[    1.766682] 00:07: ttyS1 at I/O 0x2f8 (irq = 3, base_baud = 115200) is a 16550A
[    1.767458] Failed to find cpu0 device node
[    1.767732] Unable to detect cache hierarcy from DT for CPU 0
[    1.768006] Uniform Multi-Platform E-IDE driver
[    1.768280] ide-gd driver 1.18
[    1.768554] e100: Intel(R) PRO/100 Network Driver, 3.5.24-k2-NAPI
[    1.768828] e100: Copyright(c) 1999-2006 Intel Corporation
[    1.770019] e1000: Intel(R) PRO/1000 Network Driver - version 7.3.21-k8-NAPI
[    1.770293] e1000: Copyright (c) 1999-2006 Intel Corporation.
[    1.770567] e1000e: Intel(R) PRO/1000 Network Driver - 2.3.2-k
[    1.770841] e1000e: Copyright(c) 1999 - 2014 Intel Corporation.
[    1.771115] igb: Intel(R) Gigabit Ethernet Network Driver - version 5.2.15-k
[    1.771389] igb: Copyright (c) 2007-2014 Intel Corporation.
[    1.771663] igbvf: Intel(R) Gigabit Virtual Function Network Driver - version 2.0.2-k
[    1.773313] igbvf: Copyright (c) 2009 - 2012 Intel Corporation.
[    1.773587] ixgbe: Intel(R) 10 Gigabit PCI Express Network Driver - version 4.0.1-k
[    1.773861] ixgbe: Copyright (c) 1999-2014 Intel Corporation.
[    1.774135] ixgbevf: Intel(R) 10 Gigabit PCI Express Virtual Function Network Driver - version 2.12.1-k
[    1.774409] ixgbevf: Copyright (c) 2009 - 2012 Intel Corporation.
[    1.774683] i40e: Intel(R) Ethernet Connection XL710 Network Driver - version 1.2.6-k
[    1.776646] i40e: Copyright (c) 2013 - 2014 Intel Corporation.
[    1.776920] ixgb: Intel(R) PRO/10GbE Network Driver - version 1.0.135-k2-NAPI
[    1.777194] ixgb: Copyright (c) 1999-2008 Intel Corporation.
[    1.777468] i40evf: Intel(R) XL710/X710 Virtual Function Network Driver - version 1.2.0
[    1.777742] Copyright (c) 2013 - 2014 Intel Corporation.
[    1.778016] Intel(R) Ethernet Switch Host Interface Driver - version 0.12.2-k
[    1.778290] Copyright (c) 2013 Intel Corporation.
[    1.778564] Fusion MPT base driver 3.04.20
[    1.778838] Copyright (c) 1999-2008 LSI Corporation
[    1.779112] Fusion MPT SPI Host driver 3.04.20
[    1.780392] mptbase: ioc0: Initiating bringup
[    1.840254] ioc0: LSI53C1030 B0: Capabilities={Initiator}
[    1.978277] scsi host0: ioc0: LSI53C1030 B0, FwRev=01032920h, Ports=1, MaxQ=128, IRQ=17
[    2.073515] Fusion MPT SAS Host driver 3.04.20
[    2.077115] scsi 0:0:0:0: Direct-Access     VMware,  VMware Virtual S 1.0  PQ: 0 ANSI: 2
[    2.079936] scsi target0:0:0: Beginning Domain Validation
[    2.088835] scsi target0:0:0: Domain Validation skipping write tests
[    2.093187] scsi target0:0:0: Ending Domain Validation
[    2.099917] scsi target0:0:0: FAST-40 WIDE SCSI 80.0 MB/s ST (25 ns, offset 127)
[    2.100593] scsi 0:0:1:0: Direct-Access     VMware,  VMware Virtual S 1.0  PQ: 0 ANSI: 2
[    2.106511] scsi target0:0:1: Beginning Domain Validation
[    2.108184] scsi target0:0:1: Domain Validation skipping write tests
[    2.113166] scsi target0:0:1: Ending Domain Validation
[    2.113461] scsi target0:0:1: FAST-40 WIDE SCSI 80.0 MB/s ST (25 ns, offset 127)
[    2.117998] rtc_cmos 00:01: rtc core: registered rtc_cmos as rtc0
[    2.120123] rtc_cmos 00:01: alarms up to one month, y3k, 114 bytes nvram, hpet irqs
[    2.126746] sd 0:0:0:0: [sda] 33554432 512-byte logical blocks: (17.1 GB/16.0 GiB)
[    2.131260] sd 0:0:1:0: [sdb] 50331648 512-byte logical blocks: (25.7 GB/24.0 GiB)
[    2.134723] sd 0:0:1:0: [sdb] Write Protect is off
[    2.136986] device-mapper: uevent: version 1.0.3
[    2.137198] device-mapper: ioctl: 4.30.0-ioctl (2014-12-22) initialised: dm-devel@redhat.com
[    2.139854] sd 0:0:1:0: [sdb] Mode Sense: 61 00 00 00
[    2.140016] sd 0:0:1:0: [sdb] Cache data unavailable
[    2.140073] sd 0:0:1:0: [sdb] Assuming drive cache: write through
[    2.140259] sd 0:0:0:0: [sda] Write Protect is off
[    2.140316] sd 0:0:0:0: [sda] Mode Sense: 61 00 00 00
[    2.140461] sd 0:0:0:0: [sda] Cache data unavailable
[    2.140519] sd 0:0:0:0: [sda] Assuming drive cache: write through
[    2.143609]  sdb: sdb1
[    2.144077] sd 0:0:1:0: [sdb] Attached SCSI disk
[    2.146544] TCP: cubic registered
[    2.146602] NET: Registered protocol family 10
[    2.146893] NET: Registered protocol family 17
[    2.147048] Using IPI No-Shortcut mode
[    2.147395] Loading compiled-in X.509 certificates
[    2.150401] registered taskstats version 1
[    2.159949]   Magic number: 15:658:336
[    2.160006] tty tty57: hash matches
[    2.160152] rtc_cmos 00:01: setting system clock to 2015-05-24 15:20:03 UTC (1432480803)
[    2.163203] PM: Hibernation image not present or could not be loaded.
[    2.180329]  sda: sda1 sda2
[    2.181004] sd 0:0:0:0: [sda] Attached SCSI disk
[    2.183796] EXT4-fs (sda1): couldn't mount as ext3 due to feature incompatibilities
[    2.186939] EXT4-fs (sda1): couldn't mount as ext2 due to feature incompatibilities
[    2.210269] EXT4-fs (sda1): mounted filesystem with ordered data mode. Opts: (null)
[    2.213127] VFS: Mounted root (ext4 filesystem) readonly on device 8:1.
[    2.213185] Freeing unused kernel memory: 672K (c1950000 - c19f8000)
[    2.213242] Write protecting the kernel text: 6892k
[    2.213300] Write protecting the kernel read-only data: 2032k
[    2.413586] random: systemd urandom read with 48 bits of entropy available
[    2.420050] systemd[1]: systemd 217 running in system mode. (+PAM -AUDIT -SELINUX -IMA -APPARMOR +SMACK -SYSVINIT +UTMP +LIBCRYPTSETUP +GCRYPT +GNUTLS +ACL +XZ +LZ4 +SECCOMP +BLKID -ELFUTILS +KMOD +IDN )
[    2.423213] systemd[1]: Detected virtualization 'vmware'.
[    2.426420] systemd[1]: Detected architecture 'x86'.

Welcome to Arch Linux!

[    2.435412] systemd[1]: No hostname configured.
[    2.436387] systemd[1]: Set hostname to <localhost>.
[    2.873213] systemd[1]: Configuration file /usr/lib/systemd/system/tftpd.socket is marked executable. Please remove executable permission bits. Proceeding anyway.
[    3.100299] systemd[1]: Cannot add dependency job for unit display-manager.service, ignoring: Unit display-manager.service failed to load: No such file or directory.
[    3.103613] systemd[1]: Expecting device dev-ttyS0.device...
         Expecting device dev-ttyS0.device...
[    3.109883] systemd[1]: Starting Forward Password Requests to Wall Directory Watch.
[    3.112802] systemd[1]: Started Forward Password Requests to Wall Directory Watch.
[    3.116063] systemd[1]: Starting Remote File Systems.
[  OK  ] Reached target Remote File Systems.
[    3.117412] systemd[1]: Reached target Remote File Systems.
[    3.119415] systemd[1]: Starting Host and Network Name Lookups.
[  OK  ] Reached target Host and Network Name Lookups.
[    3.120970] systemd[1]: Reached target Host and Network Name Lookups.
[    3.122733] systemd[1]: Starting RPC Port Mapper.
[  OK  ] Reached target RPC Port Mapper.
[    3.124368] systemd[1]: Reached target RPC Port Mapper.
[    3.124534] systemd[1]: Starting Arbitrary Executable File Formats File System Automount Point.
[  OK  ] Set up automount Arbitrary Executab...ats File System Automount Point.
[    3.127217] systemd[1]: Set up automount Arbitrary Executable File Formats File System Automount Point.
[    3.129405] systemd[1]: Starting Dispatch Password Requests to Console Directory Watch.
[    3.129596] systemd[1]: Started Dispatch Password Requests to Console Directory Watch.
[    3.129748] systemd[1]: Starting Paths.
[  OK  ] Reached target Paths.
[    3.130829] systemd[1]: Reached target Paths.
[    3.130990] systemd[1]: Starting Encrypted Volumes.
[  OK  ] Reached target Encrypted Volumes.
[    3.132032] systemd[1]: Reached target Encrypted Volumes.
[    3.132693] systemd[1]: Expecting device dev-sda2.device...
         Expecting device dev-sda2.device...
[    3.133449] systemd[1]: Expecting device dev-vg\x2dhome-vol\x2dhome.device...
         Expecting device dev-vg\x2dhome-vol\x2dhome.device...
[    3.134084] systemd[1]: Starting Root Slice.
[  OK  ] Created slice Root Slice.
[    3.140477] systemd[1]: Created slice Root Slice.
[    3.140630] systemd[1]: Starting User and Session Slice.
[  OK  ] Created slice User and Session Slice.
[    3.141735] systemd[1]: Created slice User and Session Slice.
[    3.142676] systemd[1]: Starting Delayed Shutdown Socket.
[  OK  ] Listening on Delayed Shutdown Socket.
[    3.143805] systemd[1]: Listening on Delayed Shutdown Socket.
[    3.143943] systemd[1]: Starting Device-mapper event daemon FIFOs.
[  OK  ] Listening on Device-mapper event daemon FIFOs.
[    3.145157] systemd[1]: Listening on Device-mapper event daemon FIFOs.
[    3.146029] systemd[1]: Starting /dev/initctl Compatibility Named Pipe.
[  OK  ] Listening on /dev/initctl Compatibility Named Pipe.
[    3.147184] systemd[1]: Listening on /dev/initctl Compatibility Named Pipe.
[    3.149467] systemd[1]: Starting Journal Socket (/dev/log).
[  OK  ] Listening on Journal Socket (/dev/log).
[    3.150771] systemd[1]: Listening on Journal Socket (/dev/log).
[    3.150912] systemd[1]: Starting LVM2 metadata daemon socket.
[  OK  ] Listening on LVM2 metadata daemon socket.
[    3.152274] systemd[1]: Listening on LVM2 metadata daemon socket.
[    3.152709] systemd[1]: Starting udev Kernel Socket.
[  OK  ] Listening on udev Kernel Socket.
[    3.154021] systemd[1]: Listening on udev Kernel Socket.
[    3.154169] systemd[1]: Starting udev Control Socket.
[  OK  ] Listening on udev Control Socket.
[    3.155187] systemd[1]: Listening on udev Control Socket.
[    3.156036] systemd[1]: Starting Journal Socket.
[  OK  ] Listening on Journal Socket.
[    3.157045] systemd[1]: Listening on Journal Socket.
[    3.157197] systemd[1]: Starting System Slice.
[  OK  ] Created slice System Slice.
[    3.158399] systemd[1]: Created slice System Slice.
[    3.159366] systemd[1]: Mounting RPC Pipe File System...
         Mounting RPC Pipe File System...
[    3.196958] systemd[1]: Starting system-getty.slice.
[  OK  ] Created slice system-getty.slice.
[    3.201325] systemd[1]: Created slice system-getty.slice.
[    3.203577] systemd[1]: Starting system-serial\x2dgetty.slice.
[  OK  ] Created slice system-serial\x2dgetty.slice.
[    3.211389] systemd[1]: Created slice system-serial\x2dgetty.slice.
[    3.213169] systemd[1]: Starting File System Check on Root Device...
         Starting File System Check on Root Device...
[    3.219470] systemd[1]: Starting system-systemd\x2dfsck.slice.
[  OK  ] Created slice system-systemd\x2dfsck.slice.
[    3.226896] systemd[1]: Created slice system-systemd\x2dfsck.slice.
[    3.252931] systemd[1]: Mounting Temporary Directory...
         Mounting Temporary Directory...
[    3.272999] systemd[1]: Started Set Up Additional Binary Formats.
[    3.276338] systemd[1]: Mounting POSIX Message Queue File System...
         Mounting POSIX Message Queue File System...
[    3.286074] systemd[1]: Started Create list of required static device nodes for the current kernel.
[    3.289901] systemd[1]: Mounting Huge Pages File System...
         Mounting Huge Pages File System...
[    3.297081] systemd[1]: Starting Setup Virtual Console...
         Starting Setup Virtual Console...
[    3.301184] systemd[1]: Mounting Debug File System...
         Mounting Debug File System...
[    3.312975] systemd[1]: Starting Load Kernel Modules...
         Starting Load Kernel Modules...
[    3.317350] systemd[1]: Starting udev Coldplug all Devices...
         Starting udev Coldplug all Devices...
[    3.321398] systemd[1]: Starting Journal Service...
         Starting Journal Service...
[    3.326295] systemd[1]: Starting Slices.
[  OK  ] Reached target Slices.
[    3.334777] systemd[1]: Reached target Slices.
[  OK  ] Mounted RPC Pipe File System.
[    3.338615] systemd[1]: Mounted RPC Pipe File System.
[  OK  ] Mounted Debug File System.
[    3.341887] systemd[1]: Mounted Debug File System.
[  OK  ] Mounted Huge Pages File System.
[    3.345028] systemd[1]: Mounted Huge Pages File System.
[  OK  ] [    3.346832] random: nonblocking pool is initialized
Mounted POSIX Message Queue File System.
[    3.347484] systemd[1]: Mounted POSIX Message Queue File System.
[  OK  ] Mounted Temporary Directory.
[    3.353089] systemd[1]: Mounted Temporary Directory.
[  OK  ] Started File System Check on Root Device.
[    3.354681] systemd[1]: Started File System Check on Root Device.
[  OK  ] Started Setup Virtual Console.
[    3.358019] systemd[1]: Started Setup Virtual Console.
[    3.366494] systemd[1]: Starting Remount Root and Kernel File Systems...
         Starting Remount Root and Kernel File Systems...
[  OK  ] Started udev Coldplug all Devices.
[    3.383967] systemd[1]: Started udev Coldplug all Devices.
[    3.412812] systemd[1]: systemd-modules-load.service: main process exited, code=exited, status=1/FAILURE
[FAILED] Failed to start Load Kernel Modules.
See "systemctl status systemd-modules-load.service" for details.
[    3.414271] systemd[1]: Failed to start Load Kernel Modules.
